[verify] tests/run.sh（超时上限 300s）

> learning-english-singapore@0.1.0 typecheck
> NEXT_TELEMETRY_DISABLED=1 next typegen && tsc --noEmit

Generating route types...
✓ Types generated successfully

> learning-english-singapore@0.1.0 build
> NEXT_TELEMETRY_DISABLED=1 next build

▲ Next.js 16.3.5 (Turbopack)
✓ Running next.config.ts took 12ms

  Creating an optimized production build ...
✓ Compiled successfully in 162ms
  Running TypeScript ...
  Finished TypeScript in 579ms ...
  Collecting page data using 5 workers ...
  Generating static pages using 5 workers (0/4) ...
  Generating static pages using 5 workers (1/4) 
  Generating static pages using 5 workers (2/4) 
  Generating static pages using 5 workers (3/4) 
✓ Generating static pages using 5 workers (4/4) in 177ms
  Finalizing page optimization ...

Route (app)
┌ ○ /
├ ○ /_not-found
└ ○ /icon.svg


○  (Static)  prerendered as static content


> test
> playwright test --config playwright.config.mjs

[WebServer] (node:80817) Warning: The 'NO_COLOR' env is ignored due to the 'FORCE_COLOR' env being set.
[WebServer] (Use `node --trace-warnings ...` to show where the warning was created)

Running 167 tests using 1 worker

(node:80818) Warning: The 'NO_COLOR' env is ignored due to the 'FORCE_COLOR' env being set.
(Use `node --trace-warnings ...` to show where the warning was created)
  ✓    1 [small-phone] › e2e/t01-local-entry.spec.mjs:48:1 › T01: a meaningful local entry identifies the product and discloses the demo (326ms)
  ✓    2 [small-phone] › e2e/t01-local-entry.spec.mjs:59:1 › T01 / F13.1: content fits the viewport and controls have usable touch targets (221ms)
  ✓    3 [small-phone] › e2e/t01-local-entry.spec.mjs:78:1 › T01: demo explanation responds to keyboard and touch without claiming real capabilities (240ms)
  ✓    4 [small-phone] › e2e/t01-local-entry.spec.mjs:97:1 › T01 / F15.1: opening the prototype requires no reward, social or account gate (215ms)
  ✓    5 [small-phone] › e2e/t02-boundaries.spec.mjs:20:3 › T02 boundary: zh-Hans expanded large text fits and survives a language change (673ms)
  ✓    6 [small-phone] › e2e/t02-boundaries.spec.mjs:20:3 › T02 boundary: id expanded large text fits and survives a language change (650ms)
  ✓    7 [small-phone] › e2e/t02-boundaries.spec.mjs:20:3 › T02 boundary: ja expanded large text fits and survives a language change (688ms)
  ✓    8 [small-phone] › e2e/t02-boundaries.spec.mjs:20:3 › T02 boundary: en expanded large text fits and survives a language change (653ms)
  ✓    9 [small-phone] › e2e/t02-boundaries.spec.mjs:46:1 › T02 boundary: a temporary write failure clears after a later save succeeds (383ms)
  ✓   10 [small-phone] › e2e/t02-language-login.spec.mjs:67:1 › T02 / F1.1: language choice comes before either login option (263ms)
  ✓   11 [small-phone] › e2e/t02-language-login.spec.mjs:76:3 › T02 / F1.1,F4.5,F13.3: zh-Hans persists through both unconnected login attempts and help (481ms)
  ✓   12 [small-phone] › e2e/t02-language-login.spec.mjs:76:3 › T02 / F1.1,F4.5,F13.3: id persists through both unconnected login attempts and help (539ms)
  ✓   13 [small-phone] › e2e/t02-language-login.spec.mjs:76:3 › T02 / F1.1,F4.5,F13.3: ja persists through both unconnected login attempts and help (482ms)
  ✓   14 [small-phone] › e2e/t02-language-login.spec.mjs:76:3 › T02 / F1.1,F4.5,F13.3: en persists through both unconnected login attempts and help (515ms)
  ✓   15 [small-phone] › e2e/t02-language-login.spec.mjs:116:1 › T02 / F13.3: changing the selected language replaces and persists the preference (375ms)
  ✓   16 [small-phone] › e2e/t02-language-login.spec.mjs:127:1 › T02 / F13.1,F13.2: larger text and reduced motion persist without clipping mobile controls (465ms)
  ✓   17 [small-phone] › e2e/t02-language-login.spec.mjs:160:3 › T02: blocked storage getItem keeps selection usable and explains the limitation (247ms)
  ✓   18 [small-phone] › e2e/t02-language-login.spec.mjs:160:3 › T02: blocked storage setItem keeps selection usable and explains the limitation (231ms)
  ✓   19 [small-phone] › e2e/t02-language-login.spec.mjs:173:1 › T01 regression: actual Tab, Space, Enter and tap operate the demo explanation (297ms)
  ✓   20 [small-phone] › e2e/t03-onboarding.spec.mjs:61:1 › T03 / F2.1,F13.1: separate demo entry starts one accessible question without login or microphone (427ms)
  ✓   21 [small-phone] › e2e/t03-onboarding.spec.mjs:92:1 › T03 / F2.2,F2.3: twelve core items stay one-at-a-time and all unknown remains unknown (1.0s)
  ✓   22 [small-phone] › e2e/t03-onboarding.spec.mjs:125:1 › T03: optional refinement is separate, stops at four, and cannot be restarted to exceed its cap (1.2s)
  ✓   23 [small-phone] › e2e/t03-onboarding.spec.mjs:140:1 › T03: pause and reload resume the exact question and an earlier choice (551ms)
  ✓   24 [small-phone] › e2e/t03-onboarding.spec.mjs:155:1 › T03 / F5.2: simulated replay and answer support survive back, changed choice and refresh (1.1s)
  ✓   25 [small-phone] › e2e/t03-onboarding.spec.mjs:186:1 › T03: skipping and ending immediately never require twelve answers or classify silence as failure (361ms)
  ✓   26 [small-phone] › e2e/t03-onboarding.spec.mjs:204:3 › T03 / F2.1,F13.1: zh-Hans starts, skips, pauses and resumes in the confirmed language (1.3s)
  ✓   27 [small-phone] › e2e/t03-onboarding.spec.mjs:204:3 › T03 / F2.1,F13.1: id starts, skips, pauses and resumes in the confirmed language (1.3s)
  ✓   28 [small-phone] › e2e/t03-onboarding.spec.mjs:204:3 › T03 / F2.1,F13.1: ja starts, skips, pauses and resumes in the confirmed language (1.3s)
  ✓   29 [small-phone] › e2e/t03-onboarding.spec.mjs:204:3 › T03 / F2.1,F13.1: en starts, skips, pauses and resumes in the confirmed language (1.3s)
  ✓   30 [small-phone] › e2e/t03-onboarding.spec.mjs:233:1 › T03: changing auxiliary language during a question preserves the same place and prior choice (518ms)
  ✓   31 [small-phone] › e2e/t03-onboarding.spec.mjs:246:1 › T03: a simulated playback failure remains a device state after skip, back and refresh (832ms)
  ✓   32 [small-phone] › e2e/t03-onboarding.spec.mjs:261:1 › T03: failed local progress saves disclose the limitation without blocking the current flow (414ms)
  ✓   33 [small-phone] › e2e/t04-profile.spec.mjs:74:3 › T04 / F2.3,F2.4: zh-Hans separates unknown listening, unobserved speaking and adjustable support (845ms)
  ✓   34 [small-phone] › e2e/t04-profile.spec.mjs:74:3 › T04 / F2.3,F2.4: id separates unknown listening, unobserved speaking and adjustable support (831ms)
  ✓   35 [small-phone] › e2e/t04-profile.spec.mjs:74:3 › T04 / F2.3,F2.4: ja separates unknown listening, unobserved speaking and adjustable support (881ms)
  ✓   36 [small-phone] › e2e/t04-profile.spec.mjs:74:3 › T04 / F2.3,F2.4: en separates unknown listening, unobserved speaking and adjustable support (861ms)
  ✓   37 [small-phone] › e2e/t04-profile.spec.mjs:112:1 › T04: all simulated listening choices stay unknown and disclose zero independent observations (1.6s)
  ✓   38 [small-phone] › e2e/t04-profile.spec.mjs:131:1 › T04 / F2.5,F10.5: choice overrides survive language changes, reload and optional answers; restore is explicit (1.4s)
  ✓   39 [small-phone] › e2e/t04-profile.spec.mjs:152:1 › T04: large-text controls fit and keyboard actions change settings while ability stays unknown (524ms)
  ✓   40 [small-phone] › e2e/t04-profile.spec.mjs:169:1 › T04: failed preference saves are visible, recover without reload and keep current choices usable (473ms)
  ✓   41 [small-phone] › e2e/t04-profile.spec.mjs:190:3 › T04 regression: damaged onboarding invalid-json survives a temporary preview without overwritten bytes (603ms)
  ✓   42 [small-phone] › e2e/t04-profile.spec.mjs:190:3 › T04 regression: damaged onboarding null survives a temporary preview without overwritten bytes (613ms)
  ✓   43 [small-phone] › e2e/t04-profile.spec.mjs:190:3 › T04 regression: damaged onboarding unsupported-record survives a temporary preview without overwritten bytes (615ms)
  ✓   44 [small-phone] › e2e/t04-profile.spec.mjs:217:1 › T04: malformed saved study settings remain untouched while temporary adjustments work (413ms)
(node:83365) Warning: The 'NO_COLOR' env is ignored due to the 'FORCE_COLOR' env being set.
(Use `node --trace-warnings ...` to show where the warning was created)
  ✓   45 [phone] › e2e/t01-local-entry.spec.mjs:48:1 › T01: a meaningful local entry identifies the product and discloses the demo (280ms)
  ✓   46 [phone] › e2e/t01-local-entry.spec.mjs:59:1 › T01 / F13.1: content fits the viewport and controls have usable touch targets (220ms)
  ✓   47 [phone] › e2e/t01-local-entry.spec.mjs:78:1 › T01: demo explanation responds to keyboard and touch without claiming real capabilities (246ms)
  ✓   48 [phone] › e2e/t01-local-entry.spec.mjs:97:1 › T01 / F15.1: opening the prototype requires no reward, social or account gate (229ms)
  ✓   49 [phone] › e2e/t02-boundaries.spec.mjs:20:3 › T02 boundary: zh-Hans expanded large text fits and survives a language change (663ms)
  ✓   50 [phone] › e2e/t02-boundaries.spec.mjs:20:3 › T02 boundary: id expanded large text fits and survives a language change (652ms)
  ✓   51 [phone] › e2e/t02-boundaries.spec.mjs:20:3 › T02 boundary: ja expanded large text fits and survives a language change (667ms)
  ✓   52 [phone] › e2e/t02-boundaries.spec.mjs:20:3 › T02 boundary: en expanded large text fits and survives a language change (653ms)
  ✓   53 [phone] › e2e/t02-boundaries.spec.mjs:46:1 › T02 boundary: a temporary write failure clears after a later save succeeds (377ms)
  ✓   54 [phone] › e2e/t02-language-login.spec.mjs:67:1 › T02 / F1.1: language choice comes before either login option (261ms)
  ✓   55 [phone] › e2e/t02-language-login.spec.mjs:76:3 › T02 / F1.1,F4.5,F13.3: zh-Hans persists through both unconnected login attempts and help (499ms)
  ✓   56 [phone] › e2e/t02-language-login.spec.mjs:76:3 › T02 / F1.1,F4.5,F13.3: id persists through both unconnected login attempts and help (588ms)
  ✓   57 [phone] › e2e/t02-language-login.spec.mjs:76:3 › T02 / F1.1,F4.5,F13.3: ja persists through both unconnected login attempts and help (514ms)
  ✓   58 [phone] › e2e/t02-language-login.spec.mjs:76:3 › T02 / F1.1,F4.5,F13.3: en persists through both unconnected login attempts and help (497ms)
  ✓   59 [phone] › e2e/t02-language-login.spec.mjs:116:1 › T02 / F13.3: changing the selected language replaces and persists the preference (370ms)
  ✓   60 [phone] › e2e/t02-language-login.spec.mjs:127:1 › T02 / F13.1,F13.2: larger text and reduced motion persist without clipping mobile controls (469ms)
  ✓   61 [phone] › e2e/t02-language-login.spec.mjs:160:3 › T02: blocked storage getItem keeps selection usable and explains the limitation (233ms)
  ✓   62 [phone] › e2e/t02-language-login.spec.mjs:160:3 › T02: blocked storage setItem keeps selection usable and explains the limitation (234ms)
  ✓   63 [phone] › e2e/t02-language-login.spec.mjs:173:1 › T01 regression: actual Tab, Space, Enter and tap operate the demo explanation (298ms)
  ✓   64 [phone] › e2e/t03-onboarding.spec.mjs:61:1 › T03 / F2.1,F13.1: separate demo entry starts one accessible question without login or microphone (412ms)
  ✓   65 [phone] › e2e/t03-onboarding.spec.mjs:92:1 › T03 / F2.2,F2.3: twelve core items stay one-at-a-time and all unknown remains unknown (982ms)
  ✓   66 [phone] › e2e/t03-onboarding.spec.mjs:125:1 › T03: optional refinement is separate, stops at four, and cannot be restarted to exceed its cap (1.2s)
  ✓   67 [phone] › e2e/t03-onboarding.spec.mjs:140:1 › T03: pause and reload resume the exact question and an earlier choice (550ms)
  ✓   68 [phone] › e2e/t03-onboarding.spec.mjs:155:1 › T03 / F5.2: simulated replay and answer support survive back, changed choice and refresh (1.2s)
  ✓   69 [phone] › e2e/t03-onboarding.spec.mjs:186:1 › T03: skipping and ending immediately never require twelve answers or classify silence as failure (386ms)
  ✓   70 [phone] › e2e/t03-onboarding.spec.mjs:204:3 › T03 / F2.1,F13.1: zh-Hans starts, skips, pauses and resumes in the confirmed language (1.3s)
  ✓   71 [phone] › e2e/t03-onboarding.spec.mjs:204:3 › T03 / F2.1,F13.1: id starts, skips, pauses and resumes in the confirmed language (1.3s)
  ✓   72 [phone] › e2e/t03-onboarding.spec.mjs:204:3 › T03 / F2.1,F13.1: ja starts, skips, pauses and resumes in the confirmed language (1.3s)
  ✓   73 [phone] › e2e/t03-onboarding.spec.mjs:204:3 › T03 / F2.1,F13.1: en starts, skips, pauses and resumes in the confirmed language (1.3s)
  ✓   74 [phone] › e2e/t03-onboarding.spec.mjs:233:1 › T03: changing auxiliary language during a question preserves the same place and prior choice (515ms)
  ✓   75 [phone] › e2e/t03-onboarding.spec.mjs:246:1 › T03: a simulated playback failure remains a device state after skip, back and refresh (820ms)
  ✓   76 [phone] › e2e/t03-onboarding.spec.mjs:261:1 › T03: failed local progress saves disclose the limitation without blocking the current flow (413ms)
  ✓   77 [phone] › e2e/t04-profile.spec.mjs:74:3 › T04 / F2.3,F2.4: zh-Hans separates unknown listening, unobserved speaking and adjustable support (842ms)
  ✓   78 [phone] › e2e/t04-profile.spec.mjs:74:3 › T04 / F2.3,F2.4: id separates unknown listening, unobserved speaking and adjustable support (866ms)
  ✓   79 [phone] › e2e/t04-profile.spec.mjs:74:3 › T04 / F2.3,F2.4: ja separates unknown listening, unobserved speaking and adjustable support (916ms)
  ✓   80 [phone] › e2e/t04-profile.spec.mjs:74:3 › T04 / F2.3,F2.4: en separates unknown listening, unobserved speaking and adjustable support (869ms)
  ✓   81 [phone] › e2e/t04-profile.spec.mjs:112:1 › T04: all simulated listening choices stay unknown and disclose zero independent observations (1.6s)
  ✓   82 [phone] › e2e/t04-profile.spec.mjs:131:1 › T04 / F2.5,F10.5: choice overrides survive language changes, reload and optional answers; restore is explicit (1.4s)
  ✓   83 [phone] › e2e/t04-profile.spec.mjs:152:1 › T04: large-text controls fit and keyboard actions change settings while ability stays unknown (525ms)
  ✓   84 [phone] › e2e/t04-profile.spec.mjs:169:1 › T04: failed preference saves are visible, recover without reload and keep current choices usable (459ms)
  ✓   85 [phone] › e2e/t04-profile.spec.mjs:190:3 › T04 regression: damaged onboarding invalid-json survives a temporary preview without overwritten bytes (590ms)
  ✓   86 [phone] › e2e/t04-profile.spec.mjs:190:3 › T04 regression: damaged onboarding null survives a temporary preview without overwritten bytes (589ms)
  ✓   87 [phone] › e2e/t04-profile.spec.mjs:190:3 › T04 regression: damaged onboarding unsupported-record survives a temporary preview without overwritten bytes (602ms)
  ✓   88 [phone] › e2e/t04-profile.spec.mjs:217:1 › T04: malformed saved study settings remain untouched while temporary adjustments work (400ms)
(node:85159) Warning: The 'NO_COLOR' env is ignored due to the 'FORCE_COLOR' env being set.
(Use `node --trace-warnings ...` to show where the warning was created)
  ✓   89 [desktop] › e2e/t01-local-entry.spec.mjs:48:1 › T01: a meaningful local entry identifies the product and discloses the demo (332ms)
  ✓   90 [desktop] › e2e/t01-local-entry.spec.mjs:59:1 › T01 / F13.1: content fits the viewport and controls have usable touch targets (233ms)
  ✓   91 [desktop] › e2e/t01-local-entry.spec.mjs:78:1 › T01: demo explanation responds to keyboard and touch without claiming real capabilities (256ms)
  ✓   92 [desktop] › e2e/t01-local-entry.spec.mjs:97:1 › T01 / F15.1: opening the prototype requires no reward, social or account gate (218ms)
  ✓   93 [desktop] › e2e/t02-boundaries.spec.mjs:20:3 › T02 boundary: zh-Hans expanded large text fits and survives a language change (672ms)
  ✓   94 [desktop] › e2e/t02-boundaries.spec.mjs:20:3 › T02 boundary: id expanded large text fits and survives a language change (663ms)
  ✓   95 [desktop] › e2e/t02-boundaries.spec.mjs:20:3 › T02 boundary: ja expanded large text fits and survives a language change (660ms)
  ✓   96 [desktop] › e2e/t02-boundaries.spec.mjs:20:3 › T02 boundary: en expanded large text fits and survives a language change (638ms)
  ✓   97 [desktop] › e2e/t02-boundaries.spec.mjs:46:1 › T02 boundary: a temporary write failure clears after a later save succeeds (404ms)
  ✓   98 [desktop] › e2e/t02-language-login.spec.mjs:67:1 › T02 / F1.1: language choice comes before either login option (277ms)
  ✓   99 [desktop] › e2e/t02-language-login.spec.mjs:76:3 › T02 / F1.1,F4.5,F13.3: zh-Hans persists through both unconnected login attempts and help (504ms)
  ✓  100 [desktop] › e2e/t02-language-login.spec.mjs:76:3 › T02 / F1.1,F4.5,F13.3: id persists through both unconnected login attempts and help (562ms)
  ✓  101 [desktop] › e2e/t02-language-login.spec.mjs:76:3 › T02 / F1.1,F4.5,F13.3: ja persists through both unconnected login attempts and help (508ms)
  ✓  102 [desktop] › e2e/t02-language-login.spec.mjs:76:3 › T02 / F1.1,F4.5,F13.3: en persists through both unconnected login attempts and help (496ms)
  ✓  103 [desktop] › e2e/t02-language-login.spec.mjs:116:1 › T02 / F13.3: changing the selected language replaces and persists the preference (378ms)
  ✓  104 [desktop] › e2e/t02-language-login.spec.mjs:127:1 › T02 / F13.1,F13.2: larger text and reduced motion persist without clipping mobile controls (490ms)
  ✓  105 [desktop] › e2e/t02-language-login.spec.mjs:160:3 › T02: blocked storage getItem keeps selection usable and explains the limitation (252ms)
  ✓  106 [desktop] › e2e/t02-language-login.spec.mjs:160:3 › T02: blocked storage setItem keeps selection usable and explains the limitation (255ms)
  ✓  107 [desktop] › e2e/t02-language-login.spec.mjs:173:1 › T01 regression: actual Tab, Space, Enter and tap operate the demo explanation (320ms)
  ✓  108 [desktop] › e2e/t03-onboarding.spec.mjs:61:1 › T03 / F2.1,F13.1: separate demo entry starts one accessible question without login or microphone (411ms)
  ✓  109 [desktop] › e2e/t03-onboarding.spec.mjs:92:1 › T03 / F2.2,F2.3: twelve core items stay one-at-a-time and all unknown remains unknown (1.0s)
  ✓  110 [desktop] › e2e/t03-onboarding.spec.mjs:125:1 › T03: optional refinement is separate, stops at four, and cannot be restarted to exceed its cap (1.2s)
  ✓  111 [desktop] › e2e/t03-onboarding.spec.mjs:140:1 › T03: pause and reload resume the exact question and an earlier choice (555ms)
  ✓  112 [desktop] › e2e/t03-onboarding.spec.mjs:155:1 › T03 / F5.2: simulated replay and answer support survive back, changed choice and refresh (1.2s)
  ✓  113 [desktop] › e2e/t03-onboarding.spec.mjs:186:1 › T03: skipping and ending immediately never require twelve answers or classify silence as failure (368ms)
  ✓  114 [desktop] › e2e/t03-onboarding.spec.mjs:204:3 › T03 / F2.1,F13.1: zh-Hans starts, skips, pauses and resumes in the confirmed language (1.3s)
  ✓  115 [desktop] › e2e/t03-onboarding.spec.mjs:204:3 › T03 / F2.1,F13.1: id starts, skips, pauses and resumes in the confirmed language (1.3s)
  ✓  116 [desktop] › e2e/t03-onboarding.spec.mjs:204:3 › T03 / F2.1,F13.1: ja starts, skips, pauses and resumes in the confirmed language (1.3s)
  ✓  117 [desktop] › e2e/t03-onboarding.spec.mjs:204:3 › T03 / F2.1,F13.1: en starts, skips, pauses and resumes in the confirmed language (1.3s)
  ✓  118 [desktop] › e2e/t03-onboarding.spec.mjs:233:1 › T03: changing auxiliary language during a question preserves the same place and prior choice (519ms)
  ✓  119 [desktop] › e2e/t03-onboarding.spec.mjs:246:1 › T03: a simulated playback failure remains a device state after skip, back and refresh (827ms)
  ✓  120 [desktop] › e2e/t03-onboarding.spec.mjs:261:1 › T03: failed local progress saves disclose the limitation without blocking the current flow (424ms)
  ✓  121 [desktop] › e2e/t04-profile.spec.mjs:74:3 › T04 / F2.3,F2.4: zh-Hans separates unknown listening, unobserved speaking and adjustable support (849ms)
  ✓  122 [desktop] › e2e/t04-profile.spec.mjs:74:3 › T04 / F2.3,F2.4: id separates unknown listening, unobserved speaking and adjustable support (887ms)
  ✓  123 [desktop] › e2e/t04-profile.spec.mjs:74:3 › T04 / F2.3,F2.4: ja separates unknown listening, unobserved speaking and adjustable support (907ms)
  ✓  124 [desktop] › e2e/t04-profile.spec.mjs:74:3 › T04 / F2.3,F2.4: en separates unknown listening, unobserved speaking and adjustable support (925ms)
  ✓  125 [desktop] › e2e/t04-profile.spec.mjs:112:1 › T04: all simulated listening choices stay unknown and disclose zero independent observations (1.6s)
  ✓  126 [desktop] › e2e/t04-profile.spec.mjs:131:1 › T04 / F2.5,F10.5: choice overrides survive language changes, reload and optional answers; restore is explicit (1.4s)
  ✓  127 [desktop] › e2e/t04-profile.spec.mjs:152:1 › T04: large-text controls fit and keyboard actions change settings while ability stays unknown (548ms)
  ✓  128 [desktop] › e2e/t04-profile.spec.mjs:169:1 › T04: failed preference saves are visible, recover without reload and keep current choices usable (465ms)
  ✓  129 [desktop] › e2e/t04-profile.spec.mjs:190:3 › T04 regression: damaged onboarding invalid-json survives a temporary preview without overwritten bytes (623ms)
  ✓  130 [desktop] › e2e/t04-profile.spec.mjs:190:3 › T04 regression: damaged onboarding null survives a temporary preview without overwritten bytes (609ms)
  ✓  131 [desktop] › e2e/t04-profile.spec.mjs:190:3 › T04 regression: damaged onboarding unsupported-record survives a temporary preview without overwritten bytes (586ms)
  ✓  132 [desktop] › e2e/t04-profile.spec.mjs:217:1 › T04: malformed saved study settings remain untouched while temporary adjustments work (399ms)
(node:86305) Warning: The 'NO_COLOR' env is ignored due to the 'FORCE_COLOR' env being set.
(Use `node --trace-warnings ...` to show where the warning was created)
  ✓  133 [domain] › domain/t03-onboarding-state.spec.mjs:18:1 › T03: core and optional paths have separate hard caps and unique question identities (89ms)
  ✓  134 [domain] › domain/t03-onboarding-state.spec.mjs:48:3 › T03: first answer, replay and full-answer history survive back and changed answers (help first=true) (2ms)
  ✓  135 [domain] › domain/t03-onboarding-state.spec.mjs:48:3 › T03: first answer, replay and full-answer history survive back and changed answers (help first=false) (1ms)
  ✓  136 [domain] › domain/t03-onboarding-state.spec.mjs:85:1 › T03: failed playback, unknown and skipped responses stay separate and never become played answers (1ms)
  ✓  137 [domain] › domain/t03-onboarding-state.spec.mjs:107:1 › T03: pause/finish ignore late question events and an early finish does not force the minimum core length (0ms)
  ✓  138 [domain] › domain/t03-onboarding-state.spec.mjs:125:1 › T03: changing self-report changes content identities without erasing earlier support evidence (1ms)
  ✓  139 [domain] › domain/t04-placement.spec.mjs:33:1 › T04: empty, all skipped and all unknown remain unknown, never measured L0 (15ms)
  ✓  140 [domain] › domain/t04-placement.spec.mjs:40:1 › T04: a lucky isolated L4 answer cannot bypass prerequisites or create speaking evidence (0ms)
  ✓  141 [domain] › domain/t04-placement.spec.mjs:49:1 › T04: L0 needs two attempted playable basic tasks still needing answer demonstration (0ms)
  ✓  142 [domain] › domain/t04-placement.spec.mjs:58:1 › T04: two L1 topics suffice without L0 evidence; replays preserve independent success (1ms)
  ✓  143 [domain] › domain/t04-placement.spec.mjs:70:1 › T04: two questions in one topic and many tags are not two independent topics (0ms)
  ✓  144 [domain] › domain/t04-placement.spec.mjs:77:1 › T04: duplicate identity and changed topic labels cannot double-count or overwrite the first response (0ms)
  ✓  145 [domain] › domain/t04-placement.spec.mjs:98:3 › T04: answer-before excludes answers from the valid denominator and higher-band success (0ms)
  ✓  146 [domain] › domain/t04-placement.spec.mjs:98:3 › T04: translation-before excludes answers from the valid denominator and higher-band success (0ms)
  ✓  147 [domain] › domain/t04-placement.spec.mjs:98:3 › T04: device-failure excludes answers from the valid denominator and higher-band success (0ms)
  ✓  148 [domain] › domain/t04-placement.spec.mjs:98:3 › T04: no-playback excludes answers from the valid denominator and higher-band success (0ms)
  ✓  149 [domain] › domain/t04-placement.spec.mjs:98:3 › T04: simulation excludes answers from the valid denominator and higher-band success (0ms)
  ✓  150 [domain] › domain/t04-placement.spec.mjs:98:3 › T04: unreviewed excludes answers from the valid denominator and higher-band success (0ms)
  ✓  151 [domain] › domain/t04-placement.spec.mjs:109:1 › T04: help after the first independent answer cannot erase it; a corrected later answer cannot manufacture it (0ms)
  ✓  152 [domain] › domain/t04-placement.spec.mjs:117:3 › T04: L2 requires every preceding band, not only two successes at its own band (1ms)
  ✓  153 [domain] › domain/t04-placement.spec.mjs:117:3 › T04: L3 requires every preceding band, not only two successes at its own band (0ms)
  ✓  154 [domain] › domain/t04-placement.spec.mjs:117:3 › T04: L4 requires every preceding band, not only two successes at its own band (0ms)
  ✓  155 [domain] › domain/t04-placement.spec.mjs:131:1 › T04: L4 needs two different reviewed local voices across two topics, without requiring four cross-product samples (0ms)
  ✓  156 [domain] › domain/t04-placement.spec.mjs:148:1 › T04: same task conflict requests one differently worded follow-up and keeps L2 unconfirmed (0ms)
  ✓  157 [domain] › domain/t04-placement.spec.mjs:155:1 › T04: unresolved conflict overrides two otherwise sufficient successes at the same band (0ms)
  ✓  158 [domain] › domain/t04-placement.spec.mjs:171:3 › T04: incorrect follow-up leaves conflicting L2 unconfirmed and falls back to supported L1 (0ms)
  ✓  159 [domain] › domain/t04-placement.spec.mjs:171:3 › T04: skipped follow-up leaves conflicting L2 unconfirmed and falls back to supported L1 (0ms)
  ✓  160 [domain] › domain/t04-placement.spec.mjs:171:3 › T04: unknown follow-up leaves conflicting L2 unconfirmed and falls back to supported L1 (0ms)
  ✓  161 [domain] › domain/t04-placement.spec.mjs:180:1 › T04: successful follow-up resolves only with a second topic and reduces confidence (0ms)
  ✓  162 [domain] › domain/t04-placement.spec.mjs:192:1 › T04: a second follow-up for the same task cannot wash out a failed first follow-up (0ms)
  ✓  163 [domain] › domain/t04-placement.spec.mjs:201:1 › T04: all optional work shares the four-question budget and ending never forces another question (1ms)
  ✓  164 [domain] › domain/t04-placement.spec.mjs:225:1 › T04: number and intent observations stay separate; no local familiarity without reviewed local success (0ms)
  ✓  165 [domain] › domain/t04-placement.spec.mjs:235:1 › T04: completed onboarding remains unknown even after every simulated prompt and selected answer (1ms)
  ✓  166 [domain] › domain/t04-placement.spec.mjs:254:1 › T04: study adjustments and feedback are reversible preferences, never altered ability evidence (1ms)
  ✓  167 [domain] › domain/t04-placement.spec.mjs:287:1 › T04: new evidence updates the recommendation without clearing user choices; restore uses the new recommendation (1ms)

  167 passed (1.5m)
