[verify] tests/run.sh（超时上限 300s）

> learning-english-singapore@0.1.0 typecheck
> NEXT_TELEMETRY_DISABLED=1 next typegen && tsc --noEmit

Generating route types...
✓ Types generated successfully

> learning-english-singapore@0.1.0 build
> NEXT_TELEMETRY_DISABLED=1 next build

▲ Next.js 16.3.5 (Turbopack)
✓ Running next.config.ts took 11ms

  Creating an optimized production build ...
✓ Compiled successfully in 133ms
  Running TypeScript ...
  Finished TypeScript in 689ms ...
  Collecting page data using 5 workers ...
  Generating static pages using 5 workers (0/4) ...
  Generating static pages using 5 workers (1/4) 
  Generating static pages using 5 workers (2/4) 
  Generating static pages using 5 workers (3/4) 
✓ Generating static pages using 5 workers (4/4) in 179ms
  Finalizing page optimization ...

Route (app)
┌ ○ /
├ ○ /_not-found
└ ○ /icon.svg


○  (Static)  prerendered as static content


> test
> playwright test --config playwright.config.mjs

[WebServer] (node:71112) Warning: The 'NO_COLOR' env is ignored due to the 'FORCE_COLOR' env being set.
[WebServer] (Use `node --trace-warnings ...` to show where the warning was created)

Running 313 tests using 1 worker

(node:71113) Warning: The 'NO_COLOR' env is ignored due to the 'FORCE_COLOR' env being set.
(Use `node --trace-warnings ...` to show where the warning was created)
  ✓    1 [small-phone] › e2e/t01-local-entry.spec.mjs:48:1 › T01: a meaningful local entry identifies the product and discloses the demo (306ms)
  ✓    2 [small-phone] › e2e/t01-local-entry.spec.mjs:59:1 › T01 / F13.1: content fits the viewport and controls have usable touch targets (227ms)
  ✓    3 [small-phone] › e2e/t01-local-entry.spec.mjs:78:1 › T01: demo explanation responds to keyboard and touch without claiming real capabilities (243ms)
  ✓    4 [small-phone] › e2e/t01-local-entry.spec.mjs:97:1 › T01 / F15.1: opening the prototype requires no reward, social or account gate (222ms)
  ✓    5 [small-phone] › e2e/t02-boundaries.spec.mjs:20:3 › T02 boundary: zh-Hans expanded large text fits and survives a language change (665ms)
  ✓    6 [small-phone] › e2e/t02-boundaries.spec.mjs:20:3 › T02 boundary: id expanded large text fits and survives a language change (650ms)
  ✓    7 [small-phone] › e2e/t02-boundaries.spec.mjs:20:3 › T02 boundary: ja expanded large text fits and survives a language change (669ms)
  ✓    8 [small-phone] › e2e/t02-boundaries.spec.mjs:20:3 › T02 boundary: en expanded large text fits and survives a language change (666ms)
  ✓    9 [small-phone] › e2e/t02-boundaries.spec.mjs:46:1 › T02 boundary: a temporary write failure clears after a later save succeeds (412ms)
  ✓   10 [small-phone] › e2e/t02-language-login.spec.mjs:67:1 › T02 / F1.1: language choice comes before either login option (261ms)
  ✓   11 [small-phone] › e2e/t02-language-login.spec.mjs:76:3 › T02 / F1.1,F4.5,F13.3: zh-Hans persists through both unconnected login attempts and help (479ms)
  ✓   12 [small-phone] › e2e/t02-language-login.spec.mjs:76:3 › T02 / F1.1,F4.5,F13.3: id persists through both unconnected login attempts and help (524ms)
  ✓   13 [small-phone] › e2e/t02-language-login.spec.mjs:76:3 › T02 / F1.1,F4.5,F13.3: ja persists through both unconnected login attempts and help (488ms)
  ✓   14 [small-phone] › e2e/t02-language-login.spec.mjs:76:3 › T02 / F1.1,F4.5,F13.3: en persists through both unconnected login attempts and help (507ms)
  ✓   15 [small-phone] › e2e/t02-language-login.spec.mjs:116:1 › T02 / F13.3: changing the selected language replaces and persists the preference (374ms)
  ✓   16 [small-phone] › e2e/t02-language-login.spec.mjs:127:1 › T02 / F13.1,F13.2: larger text and reduced motion persist without clipping mobile controls (464ms)
  ✓   17 [small-phone] › e2e/t02-language-login.spec.mjs:160:3 › T02: blocked storage getItem keeps selection usable and explains the limitation (253ms)
  ✓   18 [small-phone] › e2e/t02-language-login.spec.mjs:160:3 › T02: blocked storage setItem keeps selection usable and explains the limitation (246ms)
  ✓   19 [small-phone] › e2e/t02-language-login.spec.mjs:173:1 › T01 regression: actual Tab, Space, Enter and tap operate the demo explanation (294ms)
  ✓   20 [small-phone] › e2e/t03-onboarding.spec.mjs:61:1 › T03 / F2.1,F13.1: separate demo entry starts one accessible question without login or microphone (428ms)
  ✓   21 [small-phone] › e2e/t03-onboarding.spec.mjs:92:1 › T03 / F2.2,F2.3: twelve core items stay one-at-a-time and all unknown remains unknown (1.0s)
  ✓   22 [small-phone] › e2e/t03-onboarding.spec.mjs:125:1 › T03: optional refinement is separate, stops at four, and cannot be restarted to exceed its cap (1.2s)
  ✓   23 [small-phone] › e2e/t03-onboarding.spec.mjs:140:1 › T03: pause and reload resume the exact question and an earlier choice (553ms)
  ✓   24 [small-phone] › e2e/t03-onboarding.spec.mjs:155:1 › T03 / F5.2: simulated replay and answer support survive back, changed choice and refresh (1.2s)
  ✓   25 [small-phone] › e2e/t03-onboarding.spec.mjs:186:1 › T03: skipping and ending immediately never require twelve answers or classify silence as failure (371ms)
  ✓   26 [small-phone] › e2e/t03-onboarding.spec.mjs:204:3 › T03 / F2.1,F13.1: zh-Hans starts, skips, pauses and resumes in the confirmed language (1.3s)
  ✓   27 [small-phone] › e2e/t03-onboarding.spec.mjs:204:3 › T03 / F2.1,F13.1: id starts, skips, pauses and resumes in the confirmed language (1.3s)
  ✓   28 [small-phone] › e2e/t03-onboarding.spec.mjs:204:3 › T03 / F2.1,F13.1: ja starts, skips, pauses and resumes in the confirmed language (1.3s)
  ✓   29 [small-phone] › e2e/t03-onboarding.spec.mjs:204:3 › T03 / F2.1,F13.1: en starts, skips, pauses and resumes in the confirmed language (1.4s)
  ✓   30 [small-phone] › e2e/t03-onboarding.spec.mjs:233:1 › T03: changing auxiliary language during a question preserves the same place and prior choice (517ms)
  ✓   31 [small-phone] › e2e/t03-onboarding.spec.mjs:246:1 › T03: a simulated playback failure remains a device state after skip, back and refresh (811ms)
  ✓   32 [small-phone] › e2e/t03-onboarding.spec.mjs:261:1 › T03: failed local progress saves disclose the limitation without blocking the current flow (415ms)
  ✓   33 [small-phone] › e2e/t04-profile.spec.mjs:74:3 › T04 / F2.3,F2.4: zh-Hans separates unknown listening, unobserved speaking and adjustable support (830ms)
  ✓   34 [small-phone] › e2e/t04-profile.spec.mjs:74:3 › T04 / F2.3,F2.4: id separates unknown listening, unobserved speaking and adjustable support (868ms)
  ✓   35 [small-phone] › e2e/t04-profile.spec.mjs:74:3 › T04 / F2.3,F2.4: ja separates unknown listening, unobserved speaking and adjustable support (889ms)
  ✓   36 [small-phone] › e2e/t04-profile.spec.mjs:74:3 › T04 / F2.3,F2.4: en separates unknown listening, unobserved speaking and adjustable support (903ms)
  ✓   37 [small-phone] › e2e/t04-profile.spec.mjs:112:1 › T04: all simulated listening choices stay unknown and disclose zero independent observations (1.6s)
  ✓   38 [small-phone] › e2e/t04-profile.spec.mjs:131:1 › T04 / F2.5,F10.5: choice overrides survive language changes, reload and optional answers; restore is explicit (1.4s)
  ✓   39 [small-phone] › e2e/t04-profile.spec.mjs:152:1 › T04: large-text controls fit and keyboard actions change settings while ability stays unknown (498ms)
  ✓   40 [small-phone] › e2e/t04-profile.spec.mjs:169:1 › T04: failed preference saves are visible, recover without reload and keep current choices usable (476ms)
  ✓   41 [small-phone] › e2e/t04-profile.spec.mjs:190:3 › T04 regression: damaged onboarding invalid-json survives a temporary preview without overwritten bytes (587ms)
  ✓   42 [small-phone] › e2e/t04-profile.spec.mjs:190:3 › T04 regression: damaged onboarding null survives a temporary preview without overwritten bytes (587ms)
  ✓   43 [small-phone] › e2e/t04-profile.spec.mjs:190:3 › T04 regression: damaged onboarding unsupported-record survives a temporary preview without overwritten bytes (578ms)
  ✓   44 [small-phone] › e2e/t04-profile.spec.mjs:217:1 › T04: malformed saved study settings remain untouched while temporary adjustments work (397ms)
  ✓   45 [small-phone] › e2e/t05-scenario.spec.mjs:80:3 › T05 / F3.1: 家校沟通 is one of three starts, with a separate unlisted-goal path (477ms)
  ✓   46 [small-phone] › e2e/t05-scenario.spec.mjs:80:3 › T05 / F3.1: 工作沟通 is one of three starts, with a separate unlisted-goal path (462ms)
  ✓   47 [small-phone] › e2e/t05-scenario.spec.mjs:80:3 › T05 / F3.1: 生活服务 is one of three starts, with a separate unlisted-goal path (465ms)
  ✓   48 [small-phone] › e2e/t05-scenario.spec.mjs:95:1 › T05 / F3.2,F3.4,F3.5: an unlisted goal stays verbatim, unknown facts stay unknown and only one missing detail is asked (517ms)
  ✓   49 [small-phone] › e2e/t05-scenario.spec.mjs:113:1 › T05: confirmation can edit each fact without starting preparation or inventing missing details (776ms)
  ✓   50 [small-phone] › e2e/t05-scenario.spec.mjs:126:1 › T05 / F14.1,F14.2: preparation refreshes in place and a media retry keeps the same completed dialogue (966ms)
  ✓   51 [small-phone] › e2e/t05-scenario.spec.mjs:150:1 › T05: cancel and reload keep a cancelled task; another goal can then start a new revision (870ms)
  ✓   52 [small-phone] › e2e/t05-scenario.spec.mjs:167:1 › T05 / F3.3,F9.1: a new goal changes both planned steps and practice prompts, while the old version stays selectable (1.2s)
  ✓   53 [small-phone] › e2e/t05-scenario.spec.mjs:194:1 › T05: chosen support is carried into the scene and raw HTML-like descriptions stay inert text (636ms)
  ✓   54 [small-phone] › e2e/t05-scenario.spec.mjs:220:3 › T05: id describes, confirms, reloads and cancels in the selected language (654ms)
  ✓   55 [small-phone] › e2e/t05-scenario.spec.mjs:220:3 › T05: ja describes, confirms, reloads and cancels in the selected language (650ms)
  ✓   56 [small-phone] › e2e/t05-scenario.spec.mjs:220:3 › T05: en describes, confirms, reloads and cancels in the selected language (651ms)
  ✓   57 [small-phone] › e2e/t05-scenario.spec.mjs:242:1 › T05: switching auxiliary language during preparation keeps the original goal and version (790ms)
  ✓   58 [small-phone] › e2e/t05-scenario.spec.mjs:256:1 › T05: failed saves disclose temporary operation and corrupted records are not overwritten by a new draft (661ms)
  ✓   59 [small-phone] › e2e/t05-scenario.spec.mjs:279:1 › T05 regression: actual Tab traversal reaches profile controls before Enter and Space actions (346ms)
  ✓   60 [small-phone] › e2e/t05-scenario.spec.mjs:299:1 › T05: selecting a non-default candidate changes the rendered steps and practice prompts while retaining the user goal (1.1s)
  ✓   61 [small-phone] › e2e/t06-preview.spec.mjs:52:1 › T06 / F6.1,F7.1: full scene path shows two adult demo roles and the same partner opens when practice is chosen early (1.0s)
  ✓   62 [small-phone] › e2e/t06-preview.spec.mjs:74:1 › T06 / F6.3: loop controls, previous sentence and slow setting keep a stable lesson; pause does not imply real playback (1.8s)
  ✓   63 [small-phone] › e2e/t06-preview.spec.mjs:110:1 › T06 / F8.1: only ended playback starts the simulated wait and two help levels return gently to listening (1.3s)
  ✓   64 [small-phone] › e2e/t06-preview.spec.mjs:131:1 › T06: thinking, manual speech and no microphone never start unwanted help or claim an assessment (1.4s)
  ✓   65 [small-phone] › e2e/t06-preview.spec.mjs:149:1 › T06: patience and proactive-help preferences survive reload while the old waiting clock does not (1.4s)
  ✓   66 [small-phone] › e2e/t06-preview.spec.mjs:165:1 › T06: disconnect, retry and exit keep the same scenario and never leave a fabricated playing state (1.1s)
  ✓   67 [small-phone] › e2e/t06-preview.spec.mjs:185:31 › T06: id keeps roles, purpose and localized help through practice and reload (1.1s)
  ✓   68 [small-phone] › e2e/t06-preview.spec.mjs:185:31 › T06: ja keeps roles, purpose and localized help through practice and reload (1.1s)
  ✓   69 [small-phone] › e2e/t06-preview.spec.mjs:185:31 › T06: en keeps roles, purpose and localized help through practice and reload (1.1s)
  ✘   70 [small-phone] › e2e/t06-preview.spec.mjs:199:1 › T06: failed practice saves and corrupted snapshots are visible without overwriting original records (20.1s)
(node:85385) Warning: The 'NO_COLOR' env is ignored due to the 'FORCE_COLOR' env being set.
(Use `node --trace-warnings ...` to show where the warning was created)
  ✓   71 [small-phone] › e2e/t06-preview.spec.mjs:220:1 › T06 regression: unsubmitted description survives language switch and reload without confirming (724ms)
  ✓   72 [small-phone] › e2e/t06-preview.spec.mjs:229:1 › T06 regression: unfinished goal edit survives language switch and reload while the confirmed version stays intact (923ms)
  ✓   73 [small-phone] › e2e/t06-preview.spec.mjs:240:1 › T06 regression: translated instructions preserve the custom goal and every stored version (844ms)
  ✓   74 [small-phone] › e2e/t06-preview.spec.mjs:253:1 › T06: actual version 1 to 2 and back restores each goal, fixed lesson, listening position and preferences after reload (1.6s)
(node:85410) Warning: The 'NO_COLOR' env is ignored due to the 'FORCE_COLOR' env being set.
(Use `node --trace-warnings ...` to show where the warning was created)
  ✓   75 [phone] › e2e/t01-local-entry.spec.mjs:48:1 › T01: a meaningful local entry identifies the product and discloses the demo (282ms)
  ✓   76 [phone] › e2e/t01-local-entry.spec.mjs:59:1 › T01 / F13.1: content fits the viewport and controls have usable touch targets (238ms)
  ✓   77 [phone] › e2e/t01-local-entry.spec.mjs:78:1 › T01: demo explanation responds to keyboard and touch without claiming real capabilities (244ms)
  ✓   78 [phone] › e2e/t01-local-entry.spec.mjs:97:1 › T01 / F15.1: opening the prototype requires no reward, social or account gate (220ms)
  ✓   79 [phone] › e2e/t02-boundaries.spec.mjs:20:3 › T02 boundary: zh-Hans expanded large text fits and survives a language change (644ms)
  ✓   80 [phone] › e2e/t02-boundaries.spec.mjs:20:3 › T02 boundary: id expanded large text fits and survives a language change (650ms)
  ✓   81 [phone] › e2e/t02-boundaries.spec.mjs:20:3 › T02 boundary: ja expanded large text fits and survives a language change (687ms)
  ✓   82 [phone] › e2e/t02-boundaries.spec.mjs:20:3 › T02 boundary: en expanded large text fits and survives a language change (665ms)
  ✓   83 [phone] › e2e/t02-boundaries.spec.mjs:46:1 › T02 boundary: a temporary write failure clears after a later save succeeds (398ms)
  ✓   84 [phone] › e2e/t02-language-login.spec.mjs:67:1 › T02 / F1.1: language choice comes before either login option (275ms)
  ✓   85 [phone] › e2e/t02-language-login.spec.mjs:76:3 › T02 / F1.1,F4.5,F13.3: zh-Hans persists through both unconnected login attempts and help (499ms)
  ✓   86 [phone] › e2e/t02-language-login.spec.mjs:76:3 › T02 / F1.1,F4.5,F13.3: id persists through both unconnected login attempts and help (554ms)
  ✓   87 [phone] › e2e/t02-language-login.spec.mjs:76:3 › T02 / F1.1,F4.5,F13.3: ja persists through both unconnected login attempts and help (479ms)
  ✓   88 [phone] › e2e/t02-language-login.spec.mjs:76:3 › T02 / F1.1,F4.5,F13.3: en persists through both unconnected login attempts and help (480ms)
  ✓   89 [phone] › e2e/t02-language-login.spec.mjs:116:1 › T02 / F13.3: changing the selected language replaces and persists the preference (382ms)
  ✓   90 [phone] › e2e/t02-language-login.spec.mjs:127:1 › T02 / F13.1,F13.2: larger text and reduced motion persist without clipping mobile controls (503ms)
  ✓   91 [phone] › e2e/t02-language-login.spec.mjs:160:3 › T02: blocked storage getItem keeps selection usable and explains the limitation (266ms)
  ✓   92 [phone] › e2e/t02-language-login.spec.mjs:160:3 › T02: blocked storage setItem keeps selection usable and explains the limitation (244ms)
  ✓   93 [phone] › e2e/t02-language-login.spec.mjs:173:1 › T01 regression: actual Tab, Space, Enter and tap operate the demo explanation (315ms)
  ✓   94 [phone] › e2e/t03-onboarding.spec.mjs:61:1 › T03 / F2.1,F13.1: separate demo entry starts one accessible question without login or microphone (407ms)
  ✓   95 [phone] › e2e/t03-onboarding.spec.mjs:92:1 › T03 / F2.2,F2.3: twelve core items stay one-at-a-time and all unknown remains unknown (1.0s)
  ✓   96 [phone] › e2e/t03-onboarding.spec.mjs:125:1 › T03: optional refinement is separate, stops at four, and cannot be restarted to exceed its cap (1.2s)
  ✓   97 [phone] › e2e/t03-onboarding.spec.mjs:140:1 › T03: pause and reload resume the exact question and an earlier choice (547ms)
  ✓   98 [phone] › e2e/t03-onboarding.spec.mjs:155:1 › T03 / F5.2: simulated replay and answer support survive back, changed choice and refresh (1.1s)
  ✓   99 [phone] › e2e/t03-onboarding.spec.mjs:186:1 › T03: skipping and ending immediately never require twelve answers or classify silence as failure (367ms)
  ✓  100 [phone] › e2e/t03-onboarding.spec.mjs:204:3 › T03 / F2.1,F13.1: zh-Hans starts, skips, pauses and resumes in the confirmed language (1.3s)
  ✓  101 [phone] › e2e/t03-onboarding.spec.mjs:204:3 › T03 / F2.1,F13.1: id starts, skips, pauses and resumes in the confirmed language (1.3s)
  ✓  102 [phone] › e2e/t03-onboarding.spec.mjs:204:3 › T03 / F2.1,F13.1: ja starts, skips, pauses and resumes in the confirmed language (1.3s)
  ✓  103 [phone] › e2e/t03-onboarding.spec.mjs:204:3 › T03 / F2.1,F13.1: en starts, skips, pauses and resumes in the confirmed language (1.3s)
  ✓  104 [phone] › e2e/t03-onboarding.spec.mjs:233:1 › T03: changing auxiliary language during a question preserves the same place and prior choice (515ms)
  ✓  105 [phone] › e2e/t03-onboarding.spec.mjs:246:1 › T03: a simulated playback failure remains a device state after skip, back and refresh (806ms)
  ✓  106 [phone] › e2e/t03-onboarding.spec.mjs:261:1 › T03: failed local progress saves disclose the limitation without blocking the current flow (411ms)
  ✓  107 [phone] › e2e/t04-profile.spec.mjs:74:3 › T04 / F2.3,F2.4: zh-Hans separates unknown listening, unobserved speaking and adjustable support (844ms)
  ✓  108 [phone] › e2e/t04-profile.spec.mjs:74:3 › T04 / F2.3,F2.4: id separates unknown listening, unobserved speaking and adjustable support (890ms)
  ✓  109 [phone] › e2e/t04-profile.spec.mjs:74:3 › T04 / F2.3,F2.4: ja separates unknown listening, unobserved speaking and adjustable support (866ms)
  ✓  110 [phone] › e2e/t04-profile.spec.mjs:74:3 › T04 / F2.3,F2.4: en separates unknown listening, unobserved speaking and adjustable support (851ms)
  ✓  111 [phone] › e2e/t04-profile.spec.mjs:112:1 › T04: all simulated listening choices stay unknown and disclose zero independent observations (1.6s)
  ✓  112 [phone] › e2e/t04-profile.spec.mjs:131:1 › T04 / F2.5,F10.5: choice overrides survive language changes, reload and optional answers; restore is explicit (1.4s)
  ✓  113 [phone] › e2e/t04-profile.spec.mjs:152:1 › T04: large-text controls fit and keyboard actions change settings while ability stays unknown (504ms)
  ✓  114 [phone] › e2e/t04-profile.spec.mjs:169:1 › T04: failed preference saves are visible, recover without reload and keep current choices usable (458ms)
  ✓  115 [phone] › e2e/t04-profile.spec.mjs:190:3 › T04 regression: damaged onboarding invalid-json survives a temporary preview without overwritten bytes (582ms)
  ✓  116 [phone] › e2e/t04-profile.spec.mjs:190:3 › T04 regression: damaged onboarding null survives a temporary preview without overwritten bytes (583ms)
  ✓  117 [phone] › e2e/t04-profile.spec.mjs:190:3 › T04 regression: damaged onboarding unsupported-record survives a temporary preview without overwritten bytes (581ms)
  ✓  118 [phone] › e2e/t04-profile.spec.mjs:217:1 › T04: malformed saved study settings remain untouched while temporary adjustments work (399ms)
  ✓  119 [phone] › e2e/t05-scenario.spec.mjs:80:3 › T05 / F3.1: 家校沟通 is one of three starts, with a separate unlisted-goal path (469ms)
  ✓  120 [phone] › e2e/t05-scenario.spec.mjs:80:3 › T05 / F3.1: 工作沟通 is one of three starts, with a separate unlisted-goal path (465ms)
  ✓  121 [phone] › e2e/t05-scenario.spec.mjs:80:3 › T05 / F3.1: 生活服务 is one of three starts, with a separate unlisted-goal path (467ms)
  ✓  122 [phone] › e2e/t05-scenario.spec.mjs:95:1 › T05 / F3.2,F3.4,F3.5: an unlisted goal stays verbatim, unknown facts stay unknown and only one missing detail is asked (516ms)
  ✓  123 [phone] › e2e/t05-scenario.spec.mjs:113:1 › T05: confirmation can edit each fact without starting preparation or inventing missing details (772ms)
  ✓  124 [phone] › e2e/t05-scenario.spec.mjs:126:1 › T05 / F14.1,F14.2: preparation refreshes in place and a media retry keeps the same completed dialogue (985ms)
  ✓  125 [phone] › e2e/t05-scenario.spec.mjs:150:1 › T05: cancel and reload keep a cancelled task; another goal can then start a new revision (874ms)
  ✓  126 [phone] › e2e/t05-scenario.spec.mjs:167:1 › T05 / F3.3,F9.1: a new goal changes both planned steps and practice prompts, while the old version stays selectable (1.2s)
  ✓  127 [phone] › e2e/t05-scenario.spec.mjs:194:1 › T05: chosen support is carried into the scene and raw HTML-like descriptions stay inert text (617ms)
  ✓  128 [phone] › e2e/t05-scenario.spec.mjs:220:3 › T05: id describes, confirms, reloads and cancels in the selected language (647ms)
  ✓  129 [phone] › e2e/t05-scenario.spec.mjs:220:3 › T05: ja describes, confirms, reloads and cancels in the selected language (651ms)
  ✓  130 [phone] › e2e/t05-scenario.spec.mjs:220:3 › T05: en describes, confirms, reloads and cancels in the selected language (654ms)
  ✓  131 [phone] › e2e/t05-scenario.spec.mjs:242:1 › T05: switching auxiliary language during preparation keeps the original goal and version (768ms)
  ✓  132 [phone] › e2e/t05-scenario.spec.mjs:256:1 › T05: failed saves disclose temporary operation and corrupted records are not overwritten by a new draft (652ms)
  ✓  133 [phone] › e2e/t05-scenario.spec.mjs:279:1 › T05 regression: actual Tab traversal reaches profile controls before Enter and Space actions (348ms)
  ✓  134 [phone] › e2e/t05-scenario.spec.mjs:299:1 › T05: selecting a non-default candidate changes the rendered steps and practice prompts while retaining the user goal (1.1s)
  ✓  135 [phone] › e2e/t06-preview.spec.mjs:52:1 › T06 / F6.1,F7.1: full scene path shows two adult demo roles and the same partner opens when practice is chosen early (960ms)
  ✓  136 [phone] › e2e/t06-preview.spec.mjs:74:1 › T06 / F6.3: loop controls, previous sentence and slow setting keep a stable lesson; pause does not imply real playback (1.8s)
  ✓  137 [phone] › e2e/t06-preview.spec.mjs:110:1 › T06 / F8.1: only ended playback starts the simulated wait and two help levels return gently to listening (1.3s)
  ✓  138 [phone] › e2e/t06-preview.spec.mjs:131:1 › T06: thinking, manual speech and no microphone never start unwanted help or claim an assessment (1.4s)
  ✓  139 [phone] › e2e/t06-preview.spec.mjs:149:1 › T06: patience and proactive-help preferences survive reload while the old waiting clock does not (1.4s)
  ✓  140 [phone] › e2e/t06-preview.spec.mjs:165:1 › T06: disconnect, retry and exit keep the same scenario and never leave a fabricated playing state (1.1s)
  ✓  141 [phone] › e2e/t06-preview.spec.mjs:185:31 › T06: id keeps roles, purpose and localized help through practice and reload (1.1s)
  ✓  142 [phone] › e2e/t06-preview.spec.mjs:185:31 › T06: ja keeps roles, purpose and localized help through practice and reload (1.1s)
  ✓  143 [phone] › e2e/t06-preview.spec.mjs:185:31 › T06: en keeps roles, purpose and localized help through practice and reload (1.1s)
  ✘  144 [phone] › e2e/t06-preview.spec.mjs:199:1 › T06: failed practice saves and corrupted snapshots are visible without overwriting original records (20.1s)
(node:94823) Warning: The 'NO_COLOR' env is ignored due to the 'FORCE_COLOR' env being set.
(Use `node --trace-warnings ...` to show where the warning was created)
  ✓  145 [phone] › e2e/t06-preview.spec.mjs:220:1 › T06 regression: unsubmitted description survives language switch and reload without confirming (747ms)
  ✓  146 [phone] › e2e/t06-preview.spec.mjs:229:1 › T06 regression: unfinished goal edit survives language switch and reload while the confirmed version stays intact (933ms)
  ✓  147 [phone] › e2e/t06-preview.spec.mjs:240:1 › T06 regression: translated instructions preserve the custom goal and every stored version (814ms)
  ✓  148 [phone] › e2e/t06-preview.spec.mjs:253:1 › T06: actual version 1 to 2 and back restores each goal, fixed lesson, listening position and preferences after reload (1.6s)
(node:94849) Warning: The 'NO_COLOR' env is ignored due to the 'FORCE_COLOR' env being set.
(Use `node --trace-warnings ...` to show where the warning was created)
  ✓  149 [desktop] › e2e/t01-local-entry.spec.mjs:48:1 › T01: a meaningful local entry identifies the product and discloses the demo (329ms)
  ✓  150 [desktop] › e2e/t01-local-entry.spec.mjs:59:1 › T01 / F13.1: content fits the viewport and controls have usable touch targets (235ms)
  ✓  151 [desktop] › e2e/t01-local-entry.spec.mjs:78:1 › T01: demo explanation responds to keyboard and touch without claiming real capabilities (262ms)
  ✓  152 [desktop] › e2e/t01-local-entry.spec.mjs:97:1 › T01 / F15.1: opening the prototype requires no reward, social or account gate (229ms)
  ✓  153 [desktop] › e2e/t02-boundaries.spec.mjs:20:3 › T02 boundary: zh-Hans expanded large text fits and survives a language change (664ms)
  ✓  154 [desktop] › e2e/t02-boundaries.spec.mjs:20:3 › T02 boundary: id expanded large text fits and survives a language change (652ms)
  ✓  155 [desktop] › e2e/t02-boundaries.spec.mjs:20:3 › T02 boundary: ja expanded large text fits and survives a language change (676ms)
  ✓  156 [desktop] › e2e/t02-boundaries.spec.mjs:20:3 › T02 boundary: en expanded large text fits and survives a language change (640ms)
  ✓  157 [desktop] › e2e/t02-boundaries.spec.mjs:46:1 › T02 boundary: a temporary write failure clears after a later save succeeds (386ms)
  ✓  158 [desktop] › e2e/t02-language-login.spec.mjs:67:1 › T02 / F1.1: language choice comes before either login option (280ms)
  ✓  159 [desktop] › e2e/t02-language-login.spec.mjs:76:3 › T02 / F1.1,F4.5,F13.3: zh-Hans persists through both unconnected login attempts and help (504ms)
  ✓  160 [desktop] › e2e/t02-language-login.spec.mjs:76:3 › T02 / F1.1,F4.5,F13.3: id persists through both unconnected login attempts and help (555ms)
  ✓  161 [desktop] › e2e/t02-language-login.spec.mjs:76:3 › T02 / F1.1,F4.5,F13.3: ja persists through both unconnected login attempts and help (504ms)
  ✓  162 [desktop] › e2e/t02-language-login.spec.mjs:76:3 › T02 / F1.1,F4.5,F13.3: en persists through both unconnected login attempts and help (513ms)
  ✓  163 [desktop] › e2e/t02-language-login.spec.mjs:116:1 › T02 / F13.3: changing the selected language replaces and persists the preference (366ms)
  ✓  164 [desktop] › e2e/t02-language-login.spec.mjs:127:1 › T02 / F13.1,F13.2: larger text and reduced motion persist without clipping mobile controls (483ms)
  ✓  165 [desktop] › e2e/t02-language-login.spec.mjs:160:3 › T02: blocked storage getItem keeps selection usable and explains the limitation (237ms)
  ✓  166 [desktop] › e2e/t02-language-login.spec.mjs:160:3 › T02: blocked storage setItem keeps selection usable and explains the limitation (248ms)
  ✓  167 [desktop] › e2e/t02-language-login.spec.mjs:173:1 › T01 regression: actual Tab, Space, Enter and tap operate the demo explanation (311ms)
  ✓  168 [desktop] › e2e/t03-onboarding.spec.mjs:61:1 › T03 / F2.1,F13.1: separate demo entry starts one accessible question without login or microphone (427ms)
  ✓  169 [desktop] › e2e/t03-onboarding.spec.mjs:92:1 › T03 / F2.2,F2.3: twelve core items stay one-at-a-time and all unknown remains unknown (1.0s)
  ✓  170 [desktop] › e2e/t03-onboarding.spec.mjs:125:1 › T03: optional refinement is separate, stops at four, and cannot be restarted to exceed its cap (1.2s)
  ✓  171 [desktop] › e2e/t03-onboarding.spec.mjs:140:1 › T03: pause and reload resume the exact question and an earlier choice (552ms)
  ✓  172 [desktop] › e2e/t03-onboarding.spec.mjs:155:1 › T03 / F5.2: simulated replay and answer support survive back, changed choice and refresh (1.1s)
  ✓  173 [desktop] › e2e/t03-onboarding.spec.mjs:186:1 › T03: skipping and ending immediately never require twelve answers or classify silence as failure (388ms)
  ✓  174 [desktop] › e2e/t03-onboarding.spec.mjs:204:3 › T03 / F2.1,F13.1: zh-Hans starts, skips, pauses and resumes in the confirmed language (1.3s)
  ✓  175 [desktop] › e2e/t03-onboarding.spec.mjs:204:3 › T03 / F2.1,F13.1: id starts, skips, pauses and resumes in the confirmed language (1.3s)
  ✓  176 [desktop] › e2e/t03-onboarding.spec.mjs:204:3 › T03 / F2.1,F13.1: ja starts, skips, pauses and resumes in the confirmed language (1.3s)
  ✓  177 [desktop] › e2e/t03-onboarding.spec.mjs:204:3 › T03 / F2.1,F13.1: en starts, skips, pauses and resumes in the confirmed language (1.3s)
  ✓  178 [desktop] › e2e/t03-onboarding.spec.mjs:233:1 › T03: changing auxiliary language during a question preserves the same place and prior choice (520ms)
  ✓  179 [desktop] › e2e/t03-onboarding.spec.mjs:246:1 › T03: a simulated playback failure remains a device state after skip, back and refresh (814ms)
  ✓  180 [desktop] › e2e/t03-onboarding.spec.mjs:261:1 › T03: failed local progress saves disclose the limitation without blocking the current flow (417ms)
  ✓  181 [desktop] › e2e/t04-profile.spec.mjs:74:3 › T04 / F2.3,F2.4: zh-Hans separates unknown listening, unobserved speaking and adjustable support (883ms)
  ✓  182 [desktop] › e2e/t04-profile.spec.mjs:74:3 › T04 / F2.3,F2.4: id separates unknown listening, unobserved speaking and adjustable support (869ms)
  ✓  183 [desktop] › e2e/t04-profile.spec.mjs:74:3 › T04 / F2.3,F2.4: ja separates unknown listening, unobserved speaking and adjustable support (901ms)
  ✓  184 [desktop] › e2e/t04-profile.spec.mjs:74:3 › T04 / F2.3,F2.4: en separates unknown listening, unobserved speaking and adjustable support (880ms)
  ✓  185 [desktop] › e2e/t04-profile.spec.mjs:112:1 › T04: all simulated listening choices stay unknown and disclose zero independent observations (1.6s)
  ✓  186 [desktop] › e2e/t04-profile.spec.mjs:131:1 › T04 / F2.5,F10.5: choice overrides survive language changes, reload and optional answers; restore is explicit (1.4s)
  ✓  187 [desktop] › e2e/t04-profile.spec.mjs:152:1 › T04: large-text controls fit and keyboard actions change settings while ability stays unknown (534ms)
  ✓  188 [desktop] › e2e/t04-profile.spec.mjs:169:1 › T04: failed preference saves are visible, recover without reload and keep current choices usable (463ms)
  ✓  189 [desktop] › e2e/t04-profile.spec.mjs:190:3 › T04 regression: damaged onboarding invalid-json survives a temporary preview without overwritten bytes (619ms)
  ✓  190 [desktop] › e2e/t04-profile.spec.mjs:190:3 › T04 regression: damaged onboarding null survives a temporary preview without overwritten bytes (592ms)
  ✓  191 [desktop] › e2e/t04-profile.spec.mjs:190:3 › T04 regression: damaged onboarding unsupported-record survives a temporary preview without overwritten bytes (585ms)
  ✓  192 [desktop] › e2e/t04-profile.spec.mjs:217:1 › T04: malformed saved study settings remain untouched while temporary adjustments work (403ms)
  ✓  193 [desktop] › e2e/t05-scenario.spec.mjs:80:3 › T05 / F3.1: 家校沟通 is one of three starts, with a separate unlisted-goal path (473ms)
  ✓  194 [desktop] › e2e/t05-scenario.spec.mjs:80:3 › T05 / F3.1: 工作沟通 is one of three starts, with a separate unlisted-goal path (470ms)
  ✓  195 [desktop] › e2e/t05-scenario.spec.mjs:80:3 › T05 / F3.1: 生活服务 is one of three starts, with a separate unlisted-goal path (481ms)
  ✓  196 [desktop] › e2e/t05-scenario.spec.mjs:95:1 › T05 / F3.2,F3.4,F3.5: an unlisted goal stays verbatim, unknown facts stay unknown and only one missing detail is asked (519ms)
  ✓  197 [desktop] › e2e/t05-scenario.spec.mjs:113:1 › T05: confirmation can edit each fact without starting preparation or inventing missing details (766ms)
  ✓  198 [desktop] › e2e/t05-scenario.spec.mjs:126:1 › T05 / F14.1,F14.2: preparation refreshes in place and a media retry keeps the same completed dialogue (1.0s)
  ✓  199 [desktop] › e2e/t05-scenario.spec.mjs:150:1 › T05: cancel and reload keep a cancelled task; another goal can then start a new revision (880ms)
  ✓  200 [desktop] › e2e/t05-scenario.spec.mjs:167:1 › T05 / F3.3,F9.1: a new goal changes both planned steps and practice prompts, while the old version stays selectable (1.3s)
  ✓  201 [desktop] › e2e/t05-scenario.spec.mjs:194:1 › T05: chosen support is carried into the scene and raw HTML-like descriptions stay inert text (623ms)
  ✓  202 [desktop] › e2e/t05-scenario.spec.mjs:220:3 › T05: id describes, confirms, reloads and cancels in the selected language (664ms)
  ✓  203 [desktop] › e2e/t05-scenario.spec.mjs:220:3 › T05: ja describes, confirms, reloads and cancels in the selected language (651ms)
  ✓  204 [desktop] › e2e/t05-scenario.spec.mjs:220:3 › T05: en describes, confirms, reloads and cancels in the selected language (659ms)
  ✓  205 [desktop] › e2e/t05-scenario.spec.mjs:242:1 › T05: switching auxiliary language during preparation keeps the original goal and version (795ms)
  ✓  206 [desktop] › e2e/t05-scenario.spec.mjs:256:1 › T05: failed saves disclose temporary operation and corrupted records are not overwritten by a new draft (652ms)
  ✓  207 [desktop] › e2e/t05-scenario.spec.mjs:279:1 › T05 regression: actual Tab traversal reaches profile controls before Enter and Space actions (351ms)
  ✓  208 [desktop] › e2e/t05-scenario.spec.mjs:299:1 › T05: selecting a non-default candidate changes the rendered steps and practice prompts while retaining the user goal (1.1s)
  ✓  209 [desktop] › e2e/t06-preview.spec.mjs:52:1 › T06 / F6.1,F7.1: full scene path shows two adult demo roles and the same partner opens when practice is chosen early (924ms)
  ✓  210 [desktop] › e2e/t06-preview.spec.mjs:74:1 › T06 / F6.3: loop controls, previous sentence and slow setting keep a stable lesson; pause does not imply real playback (1.8s)
  ✓  211 [desktop] › e2e/t06-preview.spec.mjs:110:1 › T06 / F8.1: only ended playback starts the simulated wait and two help levels return gently to listening (1.3s)
  ✓  212 [desktop] › e2e/t06-preview.spec.mjs:131:1 › T06: thinking, manual speech and no microphone never start unwanted help or claim an assessment (1.4s)
  ✓  213 [desktop] › e2e/t06-preview.spec.mjs:149:1 › T06: patience and proactive-help preferences survive reload while the old waiting clock does not (1.4s)
  ✓  214 [desktop] › e2e/t06-preview.spec.mjs:165:1 › T06: disconnect, retry and exit keep the same scenario and never leave a fabricated playing state (1.1s)
  ✓  215 [desktop] › e2e/t06-preview.spec.mjs:185:31 › T06: id keeps roles, purpose and localized help through practice and reload (1.1s)
  ✓  216 [desktop] › e2e/t06-preview.spec.mjs:185:31 › T06: ja keeps roles, purpose and localized help through practice and reload (1.1s)
  ✓  217 [desktop] › e2e/t06-preview.spec.mjs:185:31 › T06: en keeps roles, purpose and localized help through practice and reload (1.1s)
  ✘  218 [desktop] › e2e/t06-preview.spec.mjs:199:1 › T06: failed practice saves and corrupted snapshots are visible without overwriting original records (20.1s)
(node:3874) Warning: The 'NO_COLOR' env is ignored due to the 'FORCE_COLOR' env being set.
(Use `node --trace-warnings ...` to show where the warning was created)
  ✓  219 [desktop] › e2e/t06-preview.spec.mjs:220:1 › T06 regression: unsubmitted description survives language switch and reload without confirming (712ms)
  ✓  220 [desktop] › e2e/t06-preview.spec.mjs:229:1 › T06 regression: unfinished goal edit survives language switch and reload while the confirmed version stays intact (948ms)
  ✓  221 [desktop] › e2e/t06-preview.spec.mjs:240:1 › T06 regression: translated instructions preserve the custom goal and every stored version (844ms)
  ✓  222 [desktop] › e2e/t06-preview.spec.mjs:253:1 › T06: actual version 1 to 2 and back restores each goal, fixed lesson, listening position and preferences after reload (1.7s)
(node:3898) Warning: The 'NO_COLOR' env is ignored due to the 'FORCE_COLOR' env being set.
(Use `node --trace-warnings ...` to show where the warning was created)
  ✓  223 [domain] › domain/t03-onboarding-state.spec.mjs:18:1 › T03: core and optional paths have separate hard caps and unique question identities (80ms)
  ✓  224 [domain] › domain/t03-onboarding-state.spec.mjs:48:3 › T03: first answer, replay and full-answer history survive back and changed answers (help first=true) (1ms)
  ✓  225 [domain] › domain/t03-onboarding-state.spec.mjs:48:3 › T03: first answer, replay and full-answer history survive back and changed answers (help first=false) (1ms)
  ✓  226 [domain] › domain/t03-onboarding-state.spec.mjs:85:1 › T03: failed playback, unknown and skipped responses stay separate and never become played answers (0ms)
  ✓  227 [domain] › domain/t03-onboarding-state.spec.mjs:107:1 › T03: pause/finish ignore late question events and an early finish does not force the minimum core length (0ms)
  ✓  228 [domain] › domain/t03-onboarding-state.spec.mjs:125:1 › T03: changing self-report changes content identities without erasing earlier support evidence (1ms)
  ✓  229 [domain] › domain/t04-placement.spec.mjs:33:1 › T04: empty, all skipped and all unknown remain unknown, never measured L0 (14ms)
  ✓  230 [domain] › domain/t04-placement.spec.mjs:40:1 › T04: a lucky isolated L4 answer cannot bypass prerequisites or create speaking evidence (0ms)
  ✓  231 [domain] › domain/t04-placement.spec.mjs:49:1 › T04: L0 needs two attempted playable basic tasks still needing answer demonstration (0ms)
  ✓  232 [domain] › domain/t04-placement.spec.mjs:58:1 › T04: two L1 topics suffice without L0 evidence; replays preserve independent success (0ms)
  ✓  233 [domain] › domain/t04-placement.spec.mjs:70:1 › T04: two questions in one topic and many tags are not two independent topics (0ms)
  ✓  234 [domain] › domain/t04-placement.spec.mjs:77:1 › T04: duplicate identity and changed topic labels cannot double-count or overwrite the first response (0ms)
  ✓  235 [domain] › domain/t04-placement.spec.mjs:98:3 › T04: answer-before excludes answers from the valid denominator and higher-band success (0ms)
  ✓  236 [domain] › domain/t04-placement.spec.mjs:98:3 › T04: translation-before excludes answers from the valid denominator and higher-band success (0ms)
  ✓  237 [domain] › domain/t04-placement.spec.mjs:98:3 › T04: device-failure excludes answers from the valid denominator and higher-band success (0ms)
  ✓  238 [domain] › domain/t04-placement.spec.mjs:98:3 › T04: no-playback excludes answers from the valid denominator and higher-band success (0ms)
  ✓  239 [domain] › domain/t04-placement.spec.mjs:98:3 › T04: simulation excludes answers from the valid denominator and higher-band success (0ms)
  ✓  240 [domain] › domain/t04-placement.spec.mjs:98:3 › T04: unreviewed excludes answers from the valid denominator and higher-band success (0ms)
  ✓  241 [domain] › domain/t04-placement.spec.mjs:109:1 › T04: help after the first independent answer cannot erase it; a corrected later answer cannot manufacture it (0ms)
  ✓  242 [domain] › domain/t04-placement.spec.mjs:117:3 › T04: L2 requires every preceding band, not only two successes at its own band (0ms)
  ✓  243 [domain] › domain/t04-placement.spec.mjs:117:3 › T04: L3 requires every preceding band, not only two successes at its own band (0ms)
  ✓  244 [domain] › domain/t04-placement.spec.mjs:117:3 › T04: L4 requires every preceding band, not only two successes at its own band (0ms)
  ✓  245 [domain] › domain/t04-placement.spec.mjs:131:1 › T04: L4 needs two different reviewed local voices across two topics, without requiring four cross-product samples (0ms)
  ✓  246 [domain] › domain/t04-placement.spec.mjs:148:1 › T04: same task conflict requests one differently worded follow-up and keeps L2 unconfirmed (0ms)
  ✓  247 [domain] › domain/t04-placement.spec.mjs:155:1 › T04: unresolved conflict overrides two otherwise sufficient successes at the same band (0ms)
  ✓  248 [domain] › domain/t04-placement.spec.mjs:171:3 › T04: incorrect follow-up leaves conflicting L2 unconfirmed and falls back to supported L1 (0ms)
  ✓  249 [domain] › domain/t04-placement.spec.mjs:171:3 › T04: skipped follow-up leaves conflicting L2 unconfirmed and falls back to supported L1 (0ms)
  ✓  250 [domain] › domain/t04-placement.spec.mjs:171:3 › T04: unknown follow-up leaves conflicting L2 unconfirmed and falls back to supported L1 (0ms)
  ✓  251 [domain] › domain/t04-placement.spec.mjs:180:1 › T04: successful follow-up resolves only with a second topic and reduces confidence (0ms)
  ✓  252 [domain] › domain/t04-placement.spec.mjs:192:1 › T04: a second follow-up for the same task cannot wash out a failed first follow-up (0ms)
  ✓  253 [domain] › domain/t04-placement.spec.mjs:201:1 › T04: all optional work shares the four-question budget and ending never forces another question (1ms)
  ✓  254 [domain] › domain/t04-placement.spec.mjs:225:1 › T04: number and intent observations stay separate; no local familiarity without reviewed local success (0ms)
  ✓  255 [domain] › domain/t04-placement.spec.mjs:235:1 › T04: completed onboarding remains unknown even after every simulated prompt and selected answer (1ms)
  ✓  256 [domain] › domain/t04-placement.spec.mjs:254:1 › T04: study adjustments and feedback are reversible preferences, never altered ability evidence (1ms)
  ✓  257 [domain] › domain/t04-placement.spec.mjs:287:1 › T04: new evidence updates the recommendation without clearing user choices; restore uses the new recommendation (0ms)
  ✓  258 [domain] › domain/t05-profile-regressions.spec.mjs:4:3 › T05 regression: after-choice preserves cumulative support and the independent first-choice snapshot (0ms)
  ✓  259 [domain] › domain/t05-profile-regressions.spec.mjs:4:3 › T05 regression: before-choice preserves cumulative support and the independent first-choice snapshot (0ms)
  ✓  260 [domain] › domain/t05-profile-regressions.spec.mjs:4:3 › T05 regression: late-first-playback preserves cumulative support and the independent first-choice snapshot (0ms)
  ✓  261 [domain] › domain/t05-scenario.spec.mjs:24:1 › T05: three seed categories and an unlisted goal all reach explicit confirmation, never real generation (2ms)
  ✓  262 [domain] › domain/t05-scenario.spec.mjs:41:1 › T05: three demo candidates retain the user goal and selecting a different focus changes the planned interaction (2ms)
  ✓  263 [domain] › domain/t05-scenario.spec.mjs:67:1 › T05: an empty description asks exactly one necessary question and preserves unknown facts (0ms)
  ✓  264 [domain] › domain/t05-scenario.spec.mjs:83:1 › T05: confirmation creates a goal revision and simulation-only preparation tied to chosen learning support (0ms)
  ✓  265 [domain] › domain/t05-scenario.spec.mjs:101:1 › T05: preparation is ordered and successful demo parts are idempotent (1ms)
  ✓  266 [domain] › domain/t05-scenario.spec.mjs:121:1 › T05: media-only retry preserves completed dialogue and rejects late events from the previous attempt (1ms)
  ✓  267 [domain] › domain/t05-scenario.spec.mjs:146:3 › T05: retry of dialogue resumes the failed part and keeps other completed assets (0ms)
  ✓  268 [domain] › domain/t05-scenario.spec.mjs:146:3 › T05: retry of check resumes the failed part and keeps other completed assets (0ms)
  ✓  269 [domain] › domain/t05-scenario.spec.mjs:160:1 › T05: cancellation is durable, keeps successful work and ignores all late completion events (0ms)
  ✓  270 [domain] › domain/t05-scenario.spec.mjs:174:1 › T05: a revised goal changes dialogue steps and practice prompts, keeping the old version and its assets intact (1ms)
  ✓  271 [domain] › domain/t05-scenario.spec.mjs:202:1 › T05: changing who/where/worry never silently confirms or invents institutional facts (0ms)
  ✓  272 [domain] › domain/t05-scenario.spec.mjs:218:1 › T05: refresh preserves in-progress identity and malformed snapshots are rejected without silently replacing them (1ms)
  ✓  273 [domain] › domain/t05-scenario.spec.mjs:228:1 › T05: changing the goal during preparation isolates the new request from old late completions (0ms)
  ✓  274 [domain] › domain/t05-scenario.spec.mjs:244:1 › T05: branching from an older version allocates the next global revision without changing either saved version (0ms)
  ✓  275 [domain] › domain/t05-scenario.spec.mjs:263:1 › T05: viewing a cancelled historical version never revives it or changes a newer preparing version (0ms)
  ✓  276 [domain] › domain/t06-practice.spec.mjs:24:1 › T06: ready scenario yields two distinct roles and immutable demo material, never assessment or real media (14ms)
  ✓  277 [domain] › domain/t06-practice.spec.mjs:42:1 › T06: practice is available before completing a listen and the same partner opens only after a playback gesture (1ms)
  ✓  278 [domain] › domain/t06-practice.spec.mjs:59:1 › T06: neither response readiness, playback start nor elapsed wall time starts silence before the matching playback end (0ms)
  ✓  279 [domain] › domain/t06-practice.spec.mjs:77:1 › T06: each help waits for its own playback end, offers two meanings then returns to listening without a third nudge (0ms)
  ✓  280 [domain] › domain/t06-practice.spec.mjs:99:38 › T06: 10000ms patience preference persists and uses the exact playback-end boundary (0ms)
  ✓  281 [domain] › domain/t06-practice.spec.mjs:99:38 › T06: 15000ms patience preference persists and uses the exact playback-end boundary (0ms)
  ✓  282 [domain] › domain/t06-practice.spec.mjs:108:1 › T06: disabling proactive help persists, keeps AI opening and leaves manual help available (0ms)
  ✓  283 [domain] › domain/t06-practice.spec.mjs:123:54 › T06: think suppresses queued silence and resume requires a fresh partner playback (0ms)
  ✓  284 [domain] › domain/t06-practice.spec.mjs:123:54 › T06: speech-start suppresses queued silence and resume requires a fresh partner playback (0ms)
  ✓  285 [domain] › domain/t06-practice.spec.mjs:123:54 › T06: pause suppresses queued silence and resume requires a fresh partner playback (0ms)
  ✓  286 [domain] › domain/t06-practice.spec.mjs:139:3 › T06: environment {"visible":false} blocks nudges and never marks a speaking failure (0ms)
  ✓  287 [domain] › domain/t06-practice.spec.mjs:139:3 › T06: environment {"connected":false} blocks nudges and never marks a speaking failure (0ms)
  ✓  288 [domain] › domain/t06-practice.spec.mjs:139:3 › T06: environment {"audible":false} blocks nudges and never marks a speaking failure (0ms)
  ✓  289 [domain] › domain/t06-practice.spec.mjs:139:3 › T06: environment {"microphone":"denied"} blocks nudges and never marks a speaking failure (0ms)
  ✓  290 [domain] › domain/t06-practice.spec.mjs:162:1 › T06: a choice or speech cancels a pending help response and stale utterance/version completion cannot reopen waiting (0ms)
  ✓  291 [domain] › domain/t06-practice.spec.mjs:185:1 › T06: interruption and playback failure clear the old queue and preserve fixed material (1ms)
  ✓  292 [domain] › domain/t06-practice.spec.mjs:199:56 › T06: all looping, previous sentence and speed keep the same material and role voices (0ms)
  ✓  293 [domain] › domain/t06-practice.spec.mjs:199:56 › T06: chapter looping, previous sentence and speed keep the same material and role voices (0ms)
  ✓  294 [domain] › domain/t06-practice.spec.mjs:199:56 › T06: sentence looping, previous sentence and speed keep the same material and role voices (0ms)
  ✓  295 [domain] › domain/t06-practice.spec.mjs:199:56 › T06: ab looping, previous sentence and speed keep the same material and role voices (0ms)
  ✓  296 [domain] › domain/t06-practice.spec.mjs:234:1 › T06: malformed or wrong-scenario records are rejected; reload keeps settings but never resumes an old wall-clock timer (1ms)
  ✓  297 [domain] › domain/t06-practice.spec.mjs:250:59 › T06: invalid A-B range -1..1 is rejected without altering the playing material (0ms)
  ✓  298 [domain] › domain/t06-practice.spec.mjs:250:59 › T06: invalid A-B range 2..1 is rejected without altering the playing material (0ms)
  ✓  299 [domain] › domain/t06-practice.spec.mjs:250:59 › T06: invalid A-B range 0..999 is rejected without altering the playing material (0ms)
  ✓  300 [domain] › domain/t06-practice.spec.mjs:250:59 › T06: invalid A-B range 0.5..2 is rejected without altering the playing material (0ms)
  ✓  301 [domain] › domain/t06-practice.spec.mjs:257:1 › T06: unstarted or repeated ended and an old failed event are ignored without resetting the clock or stopping newer speech (0ms)
  ✓  302 [domain] › domain/t06-practice.spec.mjs:273:1 › T06: a real second confirmed goal has distinct lesson identity and cannot restore the previous goal’s practice (1ms)
  ✓  303 [domain] › domain/t06-scenario-regressions.spec.mjs:5:3 › T06 regression: reject arrays posing as session.stage (0ms)
  ✓  304 [domain] › domain/t06-scenario-regressions.spec.mjs:5:3 › T06 regression: reject arrays posing as context.content_band (0ms)
  ✓  305 [domain] › domain/t06-scenario-regressions.spec.mjs:5:3 › T06 regression: reject arrays posing as context.speed (0ms)
  ✓  306 [domain] › domain/t06-scenario-regressions.spec.mjs:5:3 › T06 regression: reject arrays posing as context.support (0ms)
  ✓  307 [domain] › domain/t06-scenario-regressions.spec.mjs:5:3 › T06 regression: reject arrays posing as context.listening_status (0ms)
  ✓  308 [domain] › domain/t06-scenario-regressions.spec.mjs:5:3 › T06 regression: reject arrays posing as draft.origin (0ms)
  ✓  309 [domain] › domain/t06-scenario-regressions.spec.mjs:5:3 › T06 regression: reject arrays posing as draft.language (0ms)
  ✓  310 [domain] › domain/t06-scenario-regressions.spec.mjs:5:3 › T06 regression: reject arrays posing as draft.grounding_status (0ms)
  ✓  311 [domain] › domain/t06-scenario-regressions.spec.mjs:12:46 › T06 regression: edited seed who no longer claims specification provenance (0ms)
  ✓  312 [domain] › domain/t06-scenario-regressions.spec.mjs:12:46 › T06 regression: edited seed where no longer claims specification provenance (0ms)
  ✓  313 [domain] › domain/t06-scenario-regressions.spec.mjs:12:46 › T06 regression: edited seed worry no longer claims specification provenance (0ms)


  1) [small-phone] › e2e/t06-preview.spec.mjs:199:1 › T06: failed practice saves and corrupted snapshots are visible without overwriting original records 

    Test timeout of 20000ms exceeded.

    Error: locator.tap: Test timeout of 20000ms exceeded.
    Call log:
      - waiting for getByRole('button', { name: '预览听与练', exact: true })


      24 | test.use({ hasTouch: true });
      25 | test.beforeEach(async ({ page }) => { await page.goto('/'); });
    > 26 | async function tap(page, name) { await page.getByRole('button', { name, exact: true }).tap(); }
         |                                                                                        ^
      27 | async function detail(page, label) {
      28 |   const summary = page.getByText(label, { exact: true });
      29 |   const parent = page.locator('details').filter({ has: summary });
        at tap (/Users/eric/projects/Learning English  Singapore/tests/e2e/t06-preview.spec.mjs:26:88)
        at /Users/eric/projects/Learning English  Singapore/tests/e2e/t06-preview.spec.mjs:209:9

    attachment #1: screenshot (image/png) ──────────────────────────────────────────────────────────
    ../test-results/e2e-t06-preview-T06-failed-c0349-verwriting-original-records-small-phone/test-failed-1.png
    ────────────────────────────────────────────────────────────────────────────────────────────────

    Error Context: ../test-results/e2e-t06-preview-T06-failed-c0349-verwriting-original-records-small-phone/error-context.md

    attachment #3: trace (application/zip) ─────────────────────────────────────────────────────────
    ../test-results/e2e-t06-preview-T06-failed-c0349-verwriting-original-records-small-phone/trace.zip
    Usage:

        npx playwright show-trace ../test-results/e2e-t06-preview-T06-failed-c0349-verwriting-original-records-small-phone/trace.zip

    ────────────────────────────────────────────────────────────────────────────────────────────────

  2) [phone] › e2e/t06-preview.spec.mjs:199:1 › T06: failed practice saves and corrupted snapshots are visible without overwriting original records 

    Test timeout of 20000ms exceeded.

    Error: locator.tap: Test timeout of 20000ms exceeded.
    Call log:
      - waiting for getByRole('button', { name: '预览听与练', exact: true })


      24 | test.use({ hasTouch: true });
      25 | test.beforeEach(async ({ page }) => { await page.goto('/'); });
    > 26 | async function tap(page, name) { await page.getByRole('button', { name, exact: true }).tap(); }
         |                                                                                        ^
      27 | async function detail(page, label) {
      28 |   const summary = page.getByText(label, { exact: true });
      29 |   const parent = page.locator('details').filter({ has: summary });
        at tap (/Users/eric/projects/Learning English  Singapore/tests/e2e/t06-preview.spec.mjs:26:88)
        at /Users/eric/projects/Learning English  Singapore/tests/e2e/t06-preview.spec.mjs:209:9

    attachment #1: screenshot (image/png) ──────────────────────────────────────────────────────────
    ../test-results/e2e-t06-preview-T06-failed-c0349-verwriting-original-records-phone/test-failed-1.png
    ────────────────────────────────────────────────────────────────────────────────────────────────

    Error Context: ../test-results/e2e-t06-preview-T06-failed-c0349-verwriting-original-records-phone/error-context.md

    attachment #3: trace (application/zip) ─────────────────────────────────────────────────────────
    ../test-results/e2e-t06-preview-T06-failed-c0349-verwriting-original-records-phone/trace.zip
    Usage:

        npx playwright show-trace ../test-results/e2e-t06-preview-T06-failed-c0349-verwriting-original-records-phone/trace.zip

    ────────────────────────────────────────────────────────────────────────────────────────────────

  3) [desktop] › e2e/t06-preview.spec.mjs:199:1 › T06: failed practice saves and corrupted snapshots are visible without overwriting original records 

    Test timeout of 20000ms exceeded.

    Error: locator.tap: Test timeout of 20000ms exceeded.
    Call log:
      - waiting for getByRole('button', { name: '预览听与练', exact: true })


      24 | test.use({ hasTouch: true });
      25 | test.beforeEach(async ({ page }) => { await page.goto('/'); });
    > 26 | async function tap(page, name) { await page.getByRole('button', { name, exact: true }).tap(); }
         |                                                                                        ^
      27 | async function detail(page, label) {
      28 |   const summary = page.getByText(label, { exact: true });
      29 |   const parent = page.locator('details').filter({ has: summary });
        at tap (/Users/eric/projects/Learning English  Singapore/tests/e2e/t06-preview.spec.mjs:26:88)
        at /Users/eric/projects/Learning English  Singapore/tests/e2e/t06-preview.spec.mjs:209:9

    attachment #1: screenshot (image/png) ──────────────────────────────────────────────────────────
    ../test-results/e2e-t06-preview-T06-failed-c0349-verwriting-original-records-desktop/test-failed-1.png
    ────────────────────────────────────────────────────────────────────────────────────────────────

    Error Context: ../test-results/e2e-t06-preview-T06-failed-c0349-verwriting-original-records-desktop/error-context.md

    attachment #3: trace (application/zip) ─────────────────────────────────────────────────────────
    ../test-results/e2e-t06-preview-T06-failed-c0349-verwriting-original-records-desktop/trace.zip
    Usage:

        npx playwright show-trace ../test-results/e2e-t06-preview-T06-failed-c0349-verwriting-original-records-desktop/trace.zip

    ────────────────────────────────────────────────────────────────────────────────────────────────

  3 failed
    [small-phone] › e2e/t06-preview.spec.mjs:199:1 › T06: failed practice saves and corrupted snapshots are visible without overwriting original records 
    [phone] › e2e/t06-preview.spec.mjs:199:1 › T06: failed practice saves and corrupted snapshots are visible without overwriting original records 
    [desktop] › e2e/t06-preview.spec.mjs:199:1 › T06: failed practice saves and corrupted snapshots are visible without overwriting original records 
  310 passed (3.9m)
