[verify] tests/run.sh（超时上限 300s）

> learning-english-singapore@0.1.0 typecheck
> NEXT_TELEMETRY_DISABLED=1 next typegen && tsc --noEmit

Generating route types...
✓ Types generated successfully

> learning-english-singapore@0.1.0 build
> NEXT_TELEMETRY_DISABLED=1 next build

▲ Next.js 16.3.5 (Turbopack)
✓ Running next.config.ts took 12ms

  Creating an optimized production build ...
✓ Compiled successfully in 283ms
  Running TypeScript ...
  Finished TypeScript in 657ms ...
  Collecting page data using 5 workers ...
  Generating static pages using 5 workers (0/4) ...
  Generating static pages using 5 workers (1/4) 
  Generating static pages using 5 workers (2/4) 
  Generating static pages using 5 workers (3/4) 
✓ Generating static pages using 5 workers (4/4) in 180ms
  Finalizing page optimization ...

Route (app)
┌ ○ /
├ ○ /_not-found
└ ○ /icon.svg


○  (Static)  prerendered as static content


> test
> playwright test --config playwright.config.mjs

[WebServer] (node:34528) Warning: The 'NO_COLOR' env is ignored due to the 'FORCE_COLOR' env being set.
[WebServer] (Use `node --trace-warnings ...` to show where the warning was created)

Running 233 tests using 1 worker

(node:34773) Warning: The 'NO_COLOR' env is ignored due to the 'FORCE_COLOR' env being set.
(Use `node --trace-warnings ...` to show where the warning was created)
  ✓    1 [small-phone] › e2e/t01-local-entry.spec.mjs:48:1 › T01: a meaningful local entry identifies the product and discloses the demo (318ms)
  ✓    2 [small-phone] › e2e/t01-local-entry.spec.mjs:59:1 › T01 / F13.1: content fits the viewport and controls have usable touch targets (225ms)
  ✓    3 [small-phone] › e2e/t01-local-entry.spec.mjs:78:1 › T01: demo explanation responds to keyboard and touch without claiming real capabilities (240ms)
  ✓    4 [small-phone] › e2e/t01-local-entry.spec.mjs:97:1 › T01 / F15.1: opening the prototype requires no reward, social or account gate (218ms)
  ✓    5 [small-phone] › e2e/t02-boundaries.spec.mjs:20:3 › T02 boundary: zh-Hans expanded large text fits and survives a language change (661ms)
  ✓    6 [small-phone] › e2e/t02-boundaries.spec.mjs:20:3 › T02 boundary: id expanded large text fits and survives a language change (654ms)
  ✓    7 [small-phone] › e2e/t02-boundaries.spec.mjs:20:3 › T02 boundary: ja expanded large text fits and survives a language change (665ms)
  ✓    8 [small-phone] › e2e/t02-boundaries.spec.mjs:20:3 › T02 boundary: en expanded large text fits and survives a language change (646ms)
  ✓    9 [small-phone] › e2e/t02-boundaries.spec.mjs:46:1 › T02 boundary: a temporary write failure clears after a later save succeeds (380ms)
  ✓   10 [small-phone] › e2e/t02-language-login.spec.mjs:67:1 › T02 / F1.1: language choice comes before either login option (292ms)
  ✓   11 [small-phone] › e2e/t02-language-login.spec.mjs:76:3 › T02 / F1.1,F4.5,F13.3: zh-Hans persists through both unconnected login attempts and help (501ms)
  ✓   12 [small-phone] › e2e/t02-language-login.spec.mjs:76:3 › T02 / F1.1,F4.5,F13.3: id persists through both unconnected login attempts and help (534ms)
  ✓   13 [small-phone] › e2e/t02-language-login.spec.mjs:76:3 › T02 / F1.1,F4.5,F13.3: ja persists through both unconnected login attempts and help (481ms)
  ✓   14 [small-phone] › e2e/t02-language-login.spec.mjs:76:3 › T02 / F1.1,F4.5,F13.3: en persists through both unconnected login attempts and help (488ms)
  ✓   15 [small-phone] › e2e/t02-language-login.spec.mjs:116:1 › T02 / F13.3: changing the selected language replaces and persists the preference (376ms)
  ✓   16 [small-phone] › e2e/t02-language-login.spec.mjs:127:1 › T02 / F13.1,F13.2: larger text and reduced motion persist without clipping mobile controls (494ms)
  ✓   17 [small-phone] › e2e/t02-language-login.spec.mjs:160:3 › T02: blocked storage getItem keeps selection usable and explains the limitation (272ms)
  ✓   18 [small-phone] › e2e/t02-language-login.spec.mjs:160:3 › T02: blocked storage setItem keeps selection usable and explains the limitation (271ms)
  ✓   19 [small-phone] › e2e/t02-language-login.spec.mjs:173:1 › T01 regression: actual Tab, Space, Enter and tap operate the demo explanation (319ms)
  ✓   20 [small-phone] › e2e/t03-onboarding.spec.mjs:61:1 › T03 / F2.1,F13.1: separate demo entry starts one accessible question without login or microphone (433ms)
  ✓   21 [small-phone] › e2e/t03-onboarding.spec.mjs:92:1 › T03 / F2.2,F2.3: twelve core items stay one-at-a-time and all unknown remains unknown (965ms)
  ✓   22 [small-phone] › e2e/t03-onboarding.spec.mjs:125:1 › T03: optional refinement is separate, stops at four, and cannot be restarted to exceed its cap (1.2s)
  ✓   23 [small-phone] › e2e/t03-onboarding.spec.mjs:140:1 › T03: pause and reload resume the exact question and an earlier choice (549ms)
  ✓   24 [small-phone] › e2e/t03-onboarding.spec.mjs:155:1 › T03 / F5.2: simulated replay and answer support survive back, changed choice and refresh (1.1s)
  ✓   25 [small-phone] › e2e/t03-onboarding.spec.mjs:186:1 › T03: skipping and ending immediately never require twelve answers or classify silence as failure (380ms)
  ✓   26 [small-phone] › e2e/t03-onboarding.spec.mjs:204:3 › T03 / F2.1,F13.1: zh-Hans starts, skips, pauses and resumes in the confirmed language (1.3s)
  ✓   27 [small-phone] › e2e/t03-onboarding.spec.mjs:204:3 › T03 / F2.1,F13.1: id starts, skips, pauses and resumes in the confirmed language (1.3s)
  ✓   28 [small-phone] › e2e/t03-onboarding.spec.mjs:204:3 › T03 / F2.1,F13.1: ja starts, skips, pauses and resumes in the confirmed language (1.3s)
  ✓   29 [small-phone] › e2e/t03-onboarding.spec.mjs:204:3 › T03 / F2.1,F13.1: en starts, skips, pauses and resumes in the confirmed language (1.3s)
  ✓   30 [small-phone] › e2e/t03-onboarding.spec.mjs:233:1 › T03: changing auxiliary language during a question preserves the same place and prior choice (517ms)
  ✓   31 [small-phone] › e2e/t03-onboarding.spec.mjs:246:1 › T03: a simulated playback failure remains a device state after skip, back and refresh (821ms)
  ✓   32 [small-phone] › e2e/t03-onboarding.spec.mjs:261:1 › T03: failed local progress saves disclose the limitation without blocking the current flow (421ms)
  ✓   33 [small-phone] › e2e/t04-profile.spec.mjs:74:3 › T04 / F2.3,F2.4: zh-Hans separates unknown listening, unobserved speaking and adjustable support (863ms)
  ✓   34 [small-phone] › e2e/t04-profile.spec.mjs:74:3 › T04 / F2.3,F2.4: id separates unknown listening, unobserved speaking and adjustable support (845ms)
  ✓   35 [small-phone] › e2e/t04-profile.spec.mjs:74:3 › T04 / F2.3,F2.4: ja separates unknown listening, unobserved speaking and adjustable support (850ms)
  ✓   36 [small-phone] › e2e/t04-profile.spec.mjs:74:3 › T04 / F2.3,F2.4: en separates unknown listening, unobserved speaking and adjustable support (848ms)
  ✓   37 [small-phone] › e2e/t04-profile.spec.mjs:112:1 › T04: all simulated listening choices stay unknown and disclose zero independent observations (1.6s)
  ✓   38 [small-phone] › e2e/t04-profile.spec.mjs:131:1 › T04 / F2.5,F10.5: choice overrides survive language changes, reload and optional answers; restore is explicit (1.4s)
  ✓   39 [small-phone] › e2e/t04-profile.spec.mjs:152:1 › T04: large-text controls fit and keyboard actions change settings while ability stays unknown (523ms)
  ✓   40 [small-phone] › e2e/t04-profile.spec.mjs:169:1 › T04: failed preference saves are visible, recover without reload and keep current choices usable (456ms)
  ✓   41 [small-phone] › e2e/t04-profile.spec.mjs:190:3 › T04 regression: damaged onboarding invalid-json survives a temporary preview without overwritten bytes (587ms)
  ✓   42 [small-phone] › e2e/t04-profile.spec.mjs:190:3 › T04 regression: damaged onboarding null survives a temporary preview without overwritten bytes (598ms)
  ✓   43 [small-phone] › e2e/t04-profile.spec.mjs:190:3 › T04 regression: damaged onboarding unsupported-record survives a temporary preview without overwritten bytes (582ms)
  ✓   44 [small-phone] › e2e/t04-profile.spec.mjs:217:1 › T04: malformed saved study settings remain untouched while temporary adjustments work (394ms)
  ✓   45 [small-phone] › e2e/t05-scenario.spec.mjs:80:3 › T05 / F3.1: 家校沟通 is one of three starts, with a separate unlisted-goal path (466ms)
  ✓   46 [small-phone] › e2e/t05-scenario.spec.mjs:80:3 › T05 / F3.1: 工作沟通 is one of three starts, with a separate unlisted-goal path (459ms)
  ✓   47 [small-phone] › e2e/t05-scenario.spec.mjs:80:3 › T05 / F3.1: 生活服务 is one of three starts, with a separate unlisted-goal path (457ms)
  ✓   48 [small-phone] › e2e/t05-scenario.spec.mjs:95:1 › T05 / F3.2,F3.4,F3.5: an unlisted goal stays verbatim, unknown facts stay unknown and only one missing detail is asked (530ms)
  ✓   49 [small-phone] › e2e/t05-scenario.spec.mjs:113:1 › T05: confirmation can edit each fact without starting preparation or inventing missing details (784ms)
  ✓   50 [small-phone] › e2e/t05-scenario.spec.mjs:126:1 › T05 / F14.1,F14.2: preparation refreshes in place and a media retry keeps the same completed dialogue (980ms)
  ✓   51 [small-phone] › e2e/t05-scenario.spec.mjs:150:1 › T05: cancel and reload keep a cancelled task; another goal can then start a new revision (873ms)
  ✓   52 [small-phone] › e2e/t05-scenario.spec.mjs:167:1 › T05 / F3.3,F9.1: a new goal changes both planned steps and practice prompts, while the old version stays selectable (1.3s)
  ✓   53 [small-phone] › e2e/t05-scenario.spec.mjs:194:1 › T05: chosen support is carried into the scene and raw HTML-like descriptions stay inert text (609ms)
  ✓   54 [small-phone] › e2e/t05-scenario.spec.mjs:220:3 › T05: id describes, confirms, reloads and cancels in the selected language (644ms)
  ✓   55 [small-phone] › e2e/t05-scenario.spec.mjs:220:3 › T05: ja describes, confirms, reloads and cancels in the selected language (648ms)
  ✓   56 [small-phone] › e2e/t05-scenario.spec.mjs:220:3 › T05: en describes, confirms, reloads and cancels in the selected language (647ms)
  ✓   57 [small-phone] › e2e/t05-scenario.spec.mjs:242:1 › T05: switching auxiliary language during preparation keeps the original goal and version (780ms)
  ✓   58 [small-phone] › e2e/t05-scenario.spec.mjs:256:1 › T05: failed saves disclose temporary operation and corrupted records are not overwritten by a new draft (656ms)
  ✓   59 [small-phone] › e2e/t05-scenario.spec.mjs:279:1 › T05 regression: actual Tab traversal reaches profile controls before Enter and Space actions (353ms)
  ✓   60 [small-phone] › e2e/t05-scenario.spec.mjs:299:1 › T05: selecting a non-default candidate changes the rendered steps and practice prompts while retaining the user goal (1.1s)
(node:41222) Warning: The 'NO_COLOR' env is ignored due to the 'FORCE_COLOR' env being set.
(Use `node --trace-warnings ...` to show where the warning was created)
  ✓   61 [phone] › e2e/t01-local-entry.spec.mjs:48:1 › T01: a meaningful local entry identifies the product and discloses the demo (305ms)
  ✓   62 [phone] › e2e/t01-local-entry.spec.mjs:59:1 › T01 / F13.1: content fits the viewport and controls have usable touch targets (222ms)
  ✓   63 [phone] › e2e/t01-local-entry.spec.mjs:78:1 › T01: demo explanation responds to keyboard and touch without claiming real capabilities (243ms)
  ✓   64 [phone] › e2e/t01-local-entry.spec.mjs:97:1 › T01 / F15.1: opening the prototype requires no reward, social or account gate (204ms)
  ✓   65 [phone] › e2e/t02-boundaries.spec.mjs:20:3 › T02 boundary: zh-Hans expanded large text fits and survives a language change (666ms)
  ✓   66 [phone] › e2e/t02-boundaries.spec.mjs:20:3 › T02 boundary: id expanded large text fits and survives a language change (653ms)
  ✓   67 [phone] › e2e/t02-boundaries.spec.mjs:20:3 › T02 boundary: ja expanded large text fits and survives a language change (681ms)
  ✓   68 [phone] › e2e/t02-boundaries.spec.mjs:20:3 › T02 boundary: en expanded large text fits and survives a language change (652ms)
  ✓   69 [phone] › e2e/t02-boundaries.spec.mjs:46:1 › T02 boundary: a temporary write failure clears after a later save succeeds (380ms)
  ✓   70 [phone] › e2e/t02-language-login.spec.mjs:67:1 › T02 / F1.1: language choice comes before either login option (264ms)
  ✓   71 [phone] › e2e/t02-language-login.spec.mjs:76:3 › T02 / F1.1,F4.5,F13.3: zh-Hans persists through both unconnected login attempts and help (502ms)
  ✓   72 [phone] › e2e/t02-language-login.spec.mjs:76:3 › T02 / F1.1,F4.5,F13.3: id persists through both unconnected login attempts and help (533ms)
  ✓   73 [phone] › e2e/t02-language-login.spec.mjs:76:3 › T02 / F1.1,F4.5,F13.3: ja persists through both unconnected login attempts and help (500ms)
  ✓   74 [phone] › e2e/t02-language-login.spec.mjs:76:3 › T02 / F1.1,F4.5,F13.3: en persists through both unconnected login attempts and help (505ms)
  ✓   75 [phone] › e2e/t02-language-login.spec.mjs:116:1 › T02 / F13.3: changing the selected language replaces and persists the preference (379ms)
  ✓   76 [phone] › e2e/t02-language-login.spec.mjs:127:1 › T02 / F13.1,F13.2: larger text and reduced motion persist without clipping mobile controls (480ms)
  ✓   77 [phone] › e2e/t02-language-login.spec.mjs:160:3 › T02: blocked storage getItem keeps selection usable and explains the limitation (232ms)
  ✓   78 [phone] › e2e/t02-language-login.spec.mjs:160:3 › T02: blocked storage setItem keeps selection usable and explains the limitation (261ms)
  ✓   79 [phone] › e2e/t02-language-login.spec.mjs:173:1 › T01 regression: actual Tab, Space, Enter and tap operate the demo explanation (296ms)
  ✓   80 [phone] › e2e/t03-onboarding.spec.mjs:61:1 › T03 / F2.1,F13.1: separate demo entry starts one accessible question without login or microphone (424ms)
  ✓   81 [phone] › e2e/t03-onboarding.spec.mjs:92:1 › T03 / F2.2,F2.3: twelve core items stay one-at-a-time and all unknown remains unknown (1.0s)
  ✓   82 [phone] › e2e/t03-onboarding.spec.mjs:125:1 › T03: optional refinement is separate, stops at four, and cannot be restarted to exceed its cap (1.2s)
  ✓   83 [phone] › e2e/t03-onboarding.spec.mjs:140:1 › T03: pause and reload resume the exact question and an earlier choice (548ms)
  ✓   84 [phone] › e2e/t03-onboarding.spec.mjs:155:1 › T03 / F5.2: simulated replay and answer support survive back, changed choice and refresh (1.2s)
  ✓   85 [phone] › e2e/t03-onboarding.spec.mjs:186:1 › T03: skipping and ending immediately never require twelve answers or classify silence as failure (367ms)
  ✓   86 [phone] › e2e/t03-onboarding.spec.mjs:204:3 › T03 / F2.1,F13.1: zh-Hans starts, skips, pauses and resumes in the confirmed language (1.3s)
  ✓   87 [phone] › e2e/t03-onboarding.spec.mjs:204:3 › T03 / F2.1,F13.1: id starts, skips, pauses and resumes in the confirmed language (1.3s)
  ✓   88 [phone] › e2e/t03-onboarding.spec.mjs:204:3 › T03 / F2.1,F13.1: ja starts, skips, pauses and resumes in the confirmed language (1.3s)
  ✓   89 [phone] › e2e/t03-onboarding.spec.mjs:204:3 › T03 / F2.1,F13.1: en starts, skips, pauses and resumes in the confirmed language (1.3s)
  ✓   90 [phone] › e2e/t03-onboarding.spec.mjs:233:1 › T03: changing auxiliary language during a question preserves the same place and prior choice (514ms)
  ✓   91 [phone] › e2e/t03-onboarding.spec.mjs:246:1 › T03: a simulated playback failure remains a device state after skip, back and refresh (810ms)
  ✓   92 [phone] › e2e/t03-onboarding.spec.mjs:261:1 › T03: failed local progress saves disclose the limitation without blocking the current flow (420ms)
  ✓   93 [phone] › e2e/t04-profile.spec.mjs:74:3 › T04 / F2.3,F2.4: zh-Hans separates unknown listening, unobserved speaking and adjustable support (825ms)
  ✓   94 [phone] › e2e/t04-profile.spec.mjs:74:3 › T04 / F2.3,F2.4: id separates unknown listening, unobserved speaking and adjustable support (863ms)
  ✓   95 [phone] › e2e/t04-profile.spec.mjs:74:3 › T04 / F2.3,F2.4: ja separates unknown listening, unobserved speaking and adjustable support (850ms)
  ✓   96 [phone] › e2e/t04-profile.spec.mjs:74:3 › T04 / F2.3,F2.4: en separates unknown listening, unobserved speaking and adjustable support (850ms)
  ✓   97 [phone] › e2e/t04-profile.spec.mjs:112:1 › T04: all simulated listening choices stay unknown and disclose zero independent observations (1.6s)
  ✓   98 [phone] › e2e/t04-profile.spec.mjs:131:1 › T04 / F2.5,F10.5: choice overrides survive language changes, reload and optional answers; restore is explicit (1.4s)
  ✓   99 [phone] › e2e/t04-profile.spec.mjs:152:1 › T04: large-text controls fit and keyboard actions change settings while ability stays unknown (508ms)
  ✓  100 [phone] › e2e/t04-profile.spec.mjs:169:1 › T04: failed preference saves are visible, recover without reload and keep current choices usable (459ms)
  ✓  101 [phone] › e2e/t04-profile.spec.mjs:190:3 › T04 regression: damaged onboarding invalid-json survives a temporary preview without overwritten bytes (581ms)
  ✓  102 [phone] › e2e/t04-profile.spec.mjs:190:3 › T04 regression: damaged onboarding null survives a temporary preview without overwritten bytes (597ms)
  ✓  103 [phone] › e2e/t04-profile.spec.mjs:190:3 › T04 regression: damaged onboarding unsupported-record survives a temporary preview without overwritten bytes (599ms)
  ✓  104 [phone] › e2e/t04-profile.spec.mjs:217:1 › T04: malformed saved study settings remain untouched while temporary adjustments work (395ms)
  ✓  105 [phone] › e2e/t05-scenario.spec.mjs:80:3 › T05 / F3.1: 家校沟通 is one of three starts, with a separate unlisted-goal path (467ms)
  ✓  106 [phone] › e2e/t05-scenario.spec.mjs:80:3 › T05 / F3.1: 工作沟通 is one of three starts, with a separate unlisted-goal path (483ms)
  ✓  107 [phone] › e2e/t05-scenario.spec.mjs:80:3 › T05 / F3.1: 生活服务 is one of three starts, with a separate unlisted-goal path (460ms)
  ✓  108 [phone] › e2e/t05-scenario.spec.mjs:95:1 › T05 / F3.2,F3.4,F3.5: an unlisted goal stays verbatim, unknown facts stay unknown and only one missing detail is asked (532ms)
  ✓  109 [phone] › e2e/t05-scenario.spec.mjs:113:1 › T05: confirmation can edit each fact without starting preparation or inventing missing details (775ms)
  ✓  110 [phone] › e2e/t05-scenario.spec.mjs:126:1 › T05 / F14.1,F14.2: preparation refreshes in place and a media retry keeps the same completed dialogue (986ms)
  ✓  111 [phone] › e2e/t05-scenario.spec.mjs:150:1 › T05: cancel and reload keep a cancelled task; another goal can then start a new revision (875ms)
  ✓  112 [phone] › e2e/t05-scenario.spec.mjs:167:1 › T05 / F3.3,F9.1: a new goal changes both planned steps and practice prompts, while the old version stays selectable (1.3s)
  ✓  113 [phone] › e2e/t05-scenario.spec.mjs:194:1 › T05: chosen support is carried into the scene and raw HTML-like descriptions stay inert text (620ms)
  ✓  114 [phone] › e2e/t05-scenario.spec.mjs:220:3 › T05: id describes, confirms, reloads and cancels in the selected language (650ms)
  ✓  115 [phone] › e2e/t05-scenario.spec.mjs:220:3 › T05: ja describes, confirms, reloads and cancels in the selected language (652ms)
  ✓  116 [phone] › e2e/t05-scenario.spec.mjs:220:3 › T05: en describes, confirms, reloads and cancels in the selected language (653ms)
  ✓  117 [phone] › e2e/t05-scenario.spec.mjs:242:1 › T05: switching auxiliary language during preparation keeps the original goal and version (782ms)
  ✓  118 [phone] › e2e/t05-scenario.spec.mjs:256:1 › T05: failed saves disclose temporary operation and corrupted records are not overwritten by a new draft (653ms)
  ✓  119 [phone] › e2e/t05-scenario.spec.mjs:279:1 › T05 regression: actual Tab traversal reaches profile controls before Enter and Space actions (357ms)
  ✓  120 [phone] › e2e/t05-scenario.spec.mjs:299:1 › T05: selecting a non-default candidate changes the rendered steps and practice prompts while retaining the user goal (1.1s)
(node:46833) Warning: The 'NO_COLOR' env is ignored due to the 'FORCE_COLOR' env being set.
(Use `node --trace-warnings ...` to show where the warning was created)
  ✓  121 [desktop] › e2e/t01-local-entry.spec.mjs:48:1 › T01: a meaningful local entry identifies the product and discloses the demo (325ms)
  ✓  122 [desktop] › e2e/t01-local-entry.spec.mjs:59:1 › T01 / F13.1: content fits the viewport and controls have usable touch targets (232ms)
  ✓  123 [desktop] › e2e/t01-local-entry.spec.mjs:78:1 › T01: demo explanation responds to keyboard and touch without claiming real capabilities (239ms)
  ✓  124 [desktop] › e2e/t01-local-entry.spec.mjs:97:1 › T01 / F15.1: opening the prototype requires no reward, social or account gate (226ms)
  ✓  125 [desktop] › e2e/t02-boundaries.spec.mjs:20:3 › T02 boundary: zh-Hans expanded large text fits and survives a language change (667ms)
  ✓  126 [desktop] › e2e/t02-boundaries.spec.mjs:20:3 › T02 boundary: id expanded large text fits and survives a language change (656ms)
  ✓  127 [desktop] › e2e/t02-boundaries.spec.mjs:20:3 › T02 boundary: ja expanded large text fits and survives a language change (657ms)
  ✓  128 [desktop] › e2e/t02-boundaries.spec.mjs:20:3 › T02 boundary: en expanded large text fits and survives a language change (640ms)
  ✓  129 [desktop] › e2e/t02-boundaries.spec.mjs:46:1 › T02 boundary: a temporary write failure clears after a later save succeeds (391ms)
  ✓  130 [desktop] › e2e/t02-language-login.spec.mjs:67:1 › T02 / F1.1: language choice comes before either login option (265ms)
  ✓  131 [desktop] › e2e/t02-language-login.spec.mjs:76:3 › T02 / F1.1,F4.5,F13.3: zh-Hans persists through both unconnected login attempts and help (488ms)
  ✓  132 [desktop] › e2e/t02-language-login.spec.mjs:76:3 › T02 / F1.1,F4.5,F13.3: id persists through both unconnected login attempts and help (557ms)
  ✓  133 [desktop] › e2e/t02-language-login.spec.mjs:76:3 › T02 / F1.1,F4.5,F13.3: ja persists through both unconnected login attempts and help (504ms)
  ✓  134 [desktop] › e2e/t02-language-login.spec.mjs:76:3 › T02 / F1.1,F4.5,F13.3: en persists through both unconnected login attempts and help (489ms)
  ✓  135 [desktop] › e2e/t02-language-login.spec.mjs:116:1 › T02 / F13.3: changing the selected language replaces and persists the preference (397ms)
  ✓  136 [desktop] › e2e/t02-language-login.spec.mjs:127:1 › T02 / F13.1,F13.2: larger text and reduced motion persist without clipping mobile controls (504ms)
  ✓  137 [desktop] › e2e/t02-language-login.spec.mjs:160:3 › T02: blocked storage getItem keeps selection usable and explains the limitation (240ms)
  ✓  138 [desktop] › e2e/t02-language-login.spec.mjs:160:3 › T02: blocked storage setItem keeps selection usable and explains the limitation (252ms)
  ✓  139 [desktop] › e2e/t02-language-login.spec.mjs:173:1 › T01 regression: actual Tab, Space, Enter and tap operate the demo explanation (315ms)
  ✓  140 [desktop] › e2e/t03-onboarding.spec.mjs:61:1 › T03 / F2.1,F13.1: separate demo entry starts one accessible question without login or microphone (411ms)
  ✓  141 [desktop] › e2e/t03-onboarding.spec.mjs:92:1 › T03 / F2.2,F2.3: twelve core items stay one-at-a-time and all unknown remains unknown (964ms)
  ✓  142 [desktop] › e2e/t03-onboarding.spec.mjs:125:1 › T03: optional refinement is separate, stops at four, and cannot be restarted to exceed its cap (1.2s)
  ✓  143 [desktop] › e2e/t03-onboarding.spec.mjs:140:1 › T03: pause and reload resume the exact question and an earlier choice (550ms)
  ✓  144 [desktop] › e2e/t03-onboarding.spec.mjs:155:1 › T03 / F5.2: simulated replay and answer support survive back, changed choice and refresh (1.2s)
  ✓  145 [desktop] › e2e/t03-onboarding.spec.mjs:186:1 › T03: skipping and ending immediately never require twelve answers or classify silence as failure (372ms)
  ✓  146 [desktop] › e2e/t03-onboarding.spec.mjs:204:3 › T03 / F2.1,F13.1: zh-Hans starts, skips, pauses and resumes in the confirmed language (1.3s)
  ✓  147 [desktop] › e2e/t03-onboarding.spec.mjs:204:3 › T03 / F2.1,F13.1: id starts, skips, pauses and resumes in the confirmed language (1.3s)
  ✓  148 [desktop] › e2e/t03-onboarding.spec.mjs:204:3 › T03 / F2.1,F13.1: ja starts, skips, pauses and resumes in the confirmed language (1.3s)
  ✓  149 [desktop] › e2e/t03-onboarding.spec.mjs:204:3 › T03 / F2.1,F13.1: en starts, skips, pauses and resumes in the confirmed language (1.4s)
  ✓  150 [desktop] › e2e/t03-onboarding.spec.mjs:233:1 › T03: changing auxiliary language during a question preserves the same place and prior choice (521ms)
  ✓  151 [desktop] › e2e/t03-onboarding.spec.mjs:246:1 › T03: a simulated playback failure remains a device state after skip, back and refresh (824ms)
  ✓  152 [desktop] › e2e/t03-onboarding.spec.mjs:261:1 › T03: failed local progress saves disclose the limitation without blocking the current flow (423ms)
  ✓  153 [desktop] › e2e/t04-profile.spec.mjs:74:3 › T04 / F2.3,F2.4: zh-Hans separates unknown listening, unobserved speaking and adjustable support (884ms)
  ✓  154 [desktop] › e2e/t04-profile.spec.mjs:74:3 › T04 / F2.3,F2.4: id separates unknown listening, unobserved speaking and adjustable support (916ms)
  ✓  155 [desktop] › e2e/t04-profile.spec.mjs:74:3 › T04 / F2.3,F2.4: ja separates unknown listening, unobserved speaking and adjustable support (920ms)
  ✓  156 [desktop] › e2e/t04-profile.spec.mjs:74:3 › T04 / F2.3,F2.4: en separates unknown listening, unobserved speaking and adjustable support (885ms)
  ✓  157 [desktop] › e2e/t04-profile.spec.mjs:112:1 › T04: all simulated listening choices stay unknown and disclose zero independent observations (1.6s)
  ✓  158 [desktop] › e2e/t04-profile.spec.mjs:131:1 › T04 / F2.5,F10.5: choice overrides survive language changes, reload and optional answers; restore is explicit (1.4s)
  ✓  159 [desktop] › e2e/t04-profile.spec.mjs:152:1 › T04: large-text controls fit and keyboard actions change settings while ability stays unknown (525ms)
  ✓  160 [desktop] › e2e/t04-profile.spec.mjs:169:1 › T04: failed preference saves are visible, recover without reload and keep current choices usable (463ms)
  ✓  161 [desktop] › e2e/t04-profile.spec.mjs:190:3 › T04 regression: damaged onboarding invalid-json survives a temporary preview without overwritten bytes (606ms)
  ✓  162 [desktop] › e2e/t04-profile.spec.mjs:190:3 › T04 regression: damaged onboarding null survives a temporary preview without overwritten bytes (586ms)
  ✓  163 [desktop] › e2e/t04-profile.spec.mjs:190:3 › T04 regression: damaged onboarding unsupported-record survives a temporary preview without overwritten bytes (603ms)
  ✓  164 [desktop] › e2e/t04-profile.spec.mjs:217:1 › T04: malformed saved study settings remain untouched while temporary adjustments work (402ms)
  ✓  165 [desktop] › e2e/t05-scenario.spec.mjs:80:3 › T05 / F3.1: 家校沟通 is one of three starts, with a separate unlisted-goal path (488ms)
  ✓  166 [desktop] › e2e/t05-scenario.spec.mjs:80:3 › T05 / F3.1: 工作沟通 is one of three starts, with a separate unlisted-goal path (484ms)
  ✓  167 [desktop] › e2e/t05-scenario.spec.mjs:80:3 › T05 / F3.1: 生活服务 is one of three starts, with a separate unlisted-goal path (472ms)
  ✓  168 [desktop] › e2e/t05-scenario.spec.mjs:95:1 › T05 / F3.2,F3.4,F3.5: an unlisted goal stays verbatim, unknown facts stay unknown and only one missing detail is asked (520ms)
  ✓  169 [desktop] › e2e/t05-scenario.spec.mjs:113:1 › T05: confirmation can edit each fact without starting preparation or inventing missing details (792ms)
  ✓  170 [desktop] › e2e/t05-scenario.spec.mjs:126:1 › T05 / F14.1,F14.2: preparation refreshes in place and a media retry keeps the same completed dialogue (984ms)
  ✓  171 [desktop] › e2e/t05-scenario.spec.mjs:150:1 › T05: cancel and reload keep a cancelled task; another goal can then start a new revision (879ms)
  ✓  172 [desktop] › e2e/t05-scenario.spec.mjs:167:1 › T05 / F3.3,F9.1: a new goal changes both planned steps and practice prompts, while the old version stays selectable (1.3s)
  ✓  173 [desktop] › e2e/t05-scenario.spec.mjs:194:1 › T05: chosen support is carried into the scene and raw HTML-like descriptions stay inert text (635ms)
  ✓  174 [desktop] › e2e/t05-scenario.spec.mjs:220:3 › T05: id describes, confirms, reloads and cancels in the selected language (653ms)
  ✓  175 [desktop] › e2e/t05-scenario.spec.mjs:220:3 › T05: ja describes, confirms, reloads and cancels in the selected language (656ms)
  ✓  176 [desktop] › e2e/t05-scenario.spec.mjs:220:3 › T05: en describes, confirms, reloads and cancels in the selected language (656ms)
  ✓  177 [desktop] › e2e/t05-scenario.spec.mjs:242:1 › T05: switching auxiliary language during preparation keeps the original goal and version (789ms)
  ✓  178 [desktop] › e2e/t05-scenario.spec.mjs:256:1 › T05: failed saves disclose temporary operation and corrupted records are not overwritten by a new draft (651ms)
  ✓  179 [desktop] › e2e/t05-scenario.spec.mjs:279:1 › T05 regression: actual Tab traversal reaches profile controls before Enter and Space actions (348ms)
  ✓  180 [desktop] › e2e/t05-scenario.spec.mjs:299:1 › T05: selecting a non-default candidate changes the rendered steps and practice prompts while retaining the user goal (1.1s)
(node:49843) Warning: The 'NO_COLOR' env is ignored due to the 'FORCE_COLOR' env being set.
(Use `node --trace-warnings ...` to show where the warning was created)
  ✓  181 [domain] › domain/t03-onboarding-state.spec.mjs:18:1 › T03: core and optional paths have separate hard caps and unique question identities (88ms)
  ✓  182 [domain] › domain/t03-onboarding-state.spec.mjs:48:3 › T03: first answer, replay and full-answer history survive back and changed answers (help first=true) (2ms)
  ✓  183 [domain] › domain/t03-onboarding-state.spec.mjs:48:3 › T03: first answer, replay and full-answer history survive back and changed answers (help first=false) (1ms)
  ✓  184 [domain] › domain/t03-onboarding-state.spec.mjs:85:1 › T03: failed playback, unknown and skipped responses stay separate and never become played answers (1ms)
  ✓  185 [domain] › domain/t03-onboarding-state.spec.mjs:107:1 › T03: pause/finish ignore late question events and an early finish does not force the minimum core length (0ms)
  ✓  186 [domain] › domain/t03-onboarding-state.spec.mjs:125:1 › T03: changing self-report changes content identities without erasing earlier support evidence (1ms)
  ✓  187 [domain] › domain/t04-placement.spec.mjs:33:1 › T04: empty, all skipped and all unknown remain unknown, never measured L0 (15ms)
  ✓  188 [domain] › domain/t04-placement.spec.mjs:40:1 › T04: a lucky isolated L4 answer cannot bypass prerequisites or create speaking evidence (0ms)
  ✓  189 [domain] › domain/t04-placement.spec.mjs:49:1 › T04: L0 needs two attempted playable basic tasks still needing answer demonstration (0ms)
  ✓  190 [domain] › domain/t04-placement.spec.mjs:58:1 › T04: two L1 topics suffice without L0 evidence; replays preserve independent success (0ms)
  ✓  191 [domain] › domain/t04-placement.spec.mjs:70:1 › T04: two questions in one topic and many tags are not two independent topics (0ms)
  ✓  192 [domain] › domain/t04-placement.spec.mjs:77:1 › T04: duplicate identity and changed topic labels cannot double-count or overwrite the first response (0ms)
  ✓  193 [domain] › domain/t04-placement.spec.mjs:98:3 › T04: answer-before excludes answers from the valid denominator and higher-band success (0ms)
  ✓  194 [domain] › domain/t04-placement.spec.mjs:98:3 › T04: translation-before excludes answers from the valid denominator and higher-band success (0ms)
  ✓  195 [domain] › domain/t04-placement.spec.mjs:98:3 › T04: device-failure excludes answers from the valid denominator and higher-band success (0ms)
  ✓  196 [domain] › domain/t04-placement.spec.mjs:98:3 › T04: no-playback excludes answers from the valid denominator and higher-band success (0ms)
  ✓  197 [domain] › domain/t04-placement.spec.mjs:98:3 › T04: simulation excludes answers from the valid denominator and higher-band success (0ms)
  ✓  198 [domain] › domain/t04-placement.spec.mjs:98:3 › T04: unreviewed excludes answers from the valid denominator and higher-band success (0ms)
  ✓  199 [domain] › domain/t04-placement.spec.mjs:109:1 › T04: help after the first independent answer cannot erase it; a corrected later answer cannot manufacture it (0ms)
  ✓  200 [domain] › domain/t04-placement.spec.mjs:117:3 › T04: L2 requires every preceding band, not only two successes at its own band (1ms)
  ✓  201 [domain] › domain/t04-placement.spec.mjs:117:3 › T04: L3 requires every preceding band, not only two successes at its own band (0ms)
  ✓  202 [domain] › domain/t04-placement.spec.mjs:117:3 › T04: L4 requires every preceding band, not only two successes at its own band (0ms)
  ✓  203 [domain] › domain/t04-placement.spec.mjs:131:1 › T04: L4 needs two different reviewed local voices across two topics, without requiring four cross-product samples (0ms)
  ✓  204 [domain] › domain/t04-placement.spec.mjs:148:1 › T04: same task conflict requests one differently worded follow-up and keeps L2 unconfirmed (0ms)
  ✓  205 [domain] › domain/t04-placement.spec.mjs:155:1 › T04: unresolved conflict overrides two otherwise sufficient successes at the same band (0ms)
  ✓  206 [domain] › domain/t04-placement.spec.mjs:171:3 › T04: incorrect follow-up leaves conflicting L2 unconfirmed and falls back to supported L1 (0ms)
  ✓  207 [domain] › domain/t04-placement.spec.mjs:171:3 › T04: skipped follow-up leaves conflicting L2 unconfirmed and falls back to supported L1 (0ms)
  ✓  208 [domain] › domain/t04-placement.spec.mjs:171:3 › T04: unknown follow-up leaves conflicting L2 unconfirmed and falls back to supported L1 (0ms)
  ✓  209 [domain] › domain/t04-placement.spec.mjs:180:1 › T04: successful follow-up resolves only with a second topic and reduces confidence (0ms)
  ✓  210 [domain] › domain/t04-placement.spec.mjs:192:1 › T04: a second follow-up for the same task cannot wash out a failed first follow-up (0ms)
  ✓  211 [domain] › domain/t04-placement.spec.mjs:201:1 › T04: all optional work shares the four-question budget and ending never forces another question (1ms)
  ✓  212 [domain] › domain/t04-placement.spec.mjs:225:1 › T04: number and intent observations stay separate; no local familiarity without reviewed local success (0ms)
  ✓  213 [domain] › domain/t04-placement.spec.mjs:235:1 › T04: completed onboarding remains unknown even after every simulated prompt and selected answer (0ms)
  ✓  214 [domain] › domain/t04-placement.spec.mjs:254:1 › T04: study adjustments and feedback are reversible preferences, never altered ability evidence (1ms)
  ✓  215 [domain] › domain/t04-placement.spec.mjs:287:1 › T04: new evidence updates the recommendation without clearing user choices; restore uses the new recommendation (1ms)
  ✓  216 [domain] › domain/t05-profile-regressions.spec.mjs:4:3 › T05 regression: after-choice preserves cumulative support and the independent first-choice snapshot (0ms)
  ✓  217 [domain] › domain/t05-profile-regressions.spec.mjs:4:3 › T05 regression: before-choice preserves cumulative support and the independent first-choice snapshot (0ms)
  ✓  218 [domain] › domain/t05-profile-regressions.spec.mjs:4:3 › T05 regression: late-first-playback preserves cumulative support and the independent first-choice snapshot (0ms)
  ✓  219 [domain] › domain/t05-scenario.spec.mjs:24:1 › T05: three seed categories and an unlisted goal all reach explicit confirmation, never real generation (19ms)
  ✓  220 [domain] › domain/t05-scenario.spec.mjs:41:1 › T05: three demo candidates retain the user goal and selecting a different focus changes the planned interaction (2ms)
  ✓  221 [domain] › domain/t05-scenario.spec.mjs:67:1 › T05: an empty description asks exactly one necessary question and preserves unknown facts (0ms)
  ✓  222 [domain] › domain/t05-scenario.spec.mjs:83:1 › T05: confirmation creates a goal revision and simulation-only preparation tied to chosen learning support (1ms)
  ✓  223 [domain] › domain/t05-scenario.spec.mjs:101:1 › T05: preparation is ordered and successful demo parts are idempotent (1ms)
  ✓  224 [domain] › domain/t05-scenario.spec.mjs:121:1 › T05: media-only retry preserves completed dialogue and rejects late events from the previous attempt (1ms)
  ✓  225 [domain] › domain/t05-scenario.spec.mjs:146:3 › T05: retry of dialogue resumes the failed part and keeps other completed assets (0ms)
  ✓  226 [domain] › domain/t05-scenario.spec.mjs:146:3 › T05: retry of check resumes the failed part and keeps other completed assets (0ms)
  ✓  227 [domain] › domain/t05-scenario.spec.mjs:160:1 › T05: cancellation is durable, keeps successful work and ignores all late completion events (0ms)
  ✓  228 [domain] › domain/t05-scenario.spec.mjs:174:1 › T05: a revised goal changes dialogue steps and practice prompts, keeping the old version and its assets intact (1ms)
  ✓  229 [domain] › domain/t05-scenario.spec.mjs:202:1 › T05: changing who/where/worry never silently confirms or invents institutional facts (0ms)
  ✓  230 [domain] › domain/t05-scenario.spec.mjs:218:1 › T05: refresh preserves in-progress identity and malformed snapshots are rejected without silently replacing them (1ms)
  ✓  231 [domain] › domain/t05-scenario.spec.mjs:228:1 › T05: changing the goal during preparation isolates the new request from old late completions (0ms)
  ✓  232 [domain] › domain/t05-scenario.spec.mjs:244:1 › T05: branching from an older version allocates the next global revision without changing either saved version (0ms)
  ✓  233 [domain] › domain/t05-scenario.spec.mjs:263:1 › T05: viewing a cancelled historical version never revives it or changes a newer preparing version (1ms)

  233 passed (2.1m)
