[verify] tests/run.sh（超时上限 300s）

> learning-english-singapore@0.1.0 typecheck
> NEXT_TELEMETRY_DISABLED=1 next typegen && tsc --noEmit

Generating route types...
✓ Types generated successfully

> learning-english-singapore@0.1.0 build
> NEXT_TELEMETRY_DISABLED=1 next build

▲ Next.js 16.3.5 (Turbopack)
✓ Running next.config.ts took 10ms

  Creating an optimized production build ...
✓ Compiled successfully in 159ms
  Running TypeScript ...
  Finished TypeScript in 515ms ...
  Collecting page data using 5 workers ...
  Generating static pages using 5 workers (0/4) ...
  Generating static pages using 5 workers (1/4) 
  Generating static pages using 5 workers (2/4) 
  Generating static pages using 5 workers (3/4) 
✓ Generating static pages using 5 workers (4/4) in 174ms
  Finalizing page optimization ...

Route (app)
┌ ○ /
├ ○ /_not-found
└ ○ /icon.svg


○  (Static)  prerendered as static content


> test
> playwright test --config playwright.config.mjs

[WebServer] (node:49135) Warning: The 'NO_COLOR' env is ignored due to the 'FORCE_COLOR' env being set.
[WebServer] (Use `node --trace-warnings ...` to show where the warning was created)

Running 42 tests using 1 worker

(node:49136) Warning: The 'NO_COLOR' env is ignored due to the 'FORCE_COLOR' env being set.
(Use `node --trace-warnings ...` to show where the warning was created)
  ✓   1 [small-phone] › e2e/t01-local-entry.spec.mjs:48:1 › T01: a meaningful local entry identifies the product and discloses the demo (331ms)
  ✓   2 [small-phone] › e2e/t01-local-entry.spec.mjs:59:1 › T01 / F13.1: content fits the viewport and controls have usable touch targets (223ms)
  ✓   3 [small-phone] › e2e/t01-local-entry.spec.mjs:78:1 › T01: demo explanation responds to keyboard and touch without claiming real capabilities (247ms)
  ✓   4 [small-phone] › e2e/t01-local-entry.spec.mjs:97:1 › T01 / F15.1: opening the prototype requires no reward, social or account gate (224ms)
  ✓   5 [small-phone] › e2e/t02-language-login.spec.mjs:67:1 › T02 / F1.1: language choice comes before either login option (261ms)
  ✓   6 [small-phone] › e2e/t02-language-login.spec.mjs:76:3 › T02 / F1.1,F4.5,F13.3: zh-Hans persists through both unconnected login attempts and help (491ms)
  ✓   7 [small-phone] › e2e/t02-language-login.spec.mjs:76:3 › T02 / F1.1,F4.5,F13.3: id persists through both unconnected login attempts and help (508ms)
  ✓   8 [small-phone] › e2e/t02-language-login.spec.mjs:76:3 › T02 / F1.1,F4.5,F13.3: ja persists through both unconnected login attempts and help (490ms)
  ✓   9 [small-phone] › e2e/t02-language-login.spec.mjs:76:3 › T02 / F1.1,F4.5,F13.3: en persists through both unconnected login attempts and help (473ms)
  ✓  10 [small-phone] › e2e/t02-language-login.spec.mjs:116:1 › T02 / F13.3: changing the selected language replaces and persists the preference (498ms)
  ✓  11 [small-phone] › e2e/t02-language-login.spec.mjs:127:1 › T02 / F13.1,F13.2: larger text and reduced motion persist without clipping mobile controls (478ms)
  ✓  12 [small-phone] › e2e/t02-language-login.spec.mjs:160:3 › T02: blocked storage getItem keeps selection usable and explains the limitation (245ms)
  ✓  13 [small-phone] › e2e/t02-language-login.spec.mjs:160:3 › T02: blocked storage setItem keeps selection usable and explains the limitation (235ms)
  ✓  14 [small-phone] › e2e/t02-language-login.spec.mjs:173:1 › T01 regression: actual Tab, Space, Enter and tap operate the demo explanation (317ms)
(node:49199) Warning: The 'NO_COLOR' env is ignored due to the 'FORCE_COLOR' env being set.
(Use `node --trace-warnings ...` to show where the warning was created)
  ✓  15 [phone] › e2e/t01-local-entry.spec.mjs:48:1 › T01: a meaningful local entry identifies the product and discloses the demo (287ms)
  ✓  16 [phone] › e2e/t01-local-entry.spec.mjs:59:1 › T01 / F13.1: content fits the viewport and controls have usable touch targets (244ms)
  ✓  17 [phone] › e2e/t01-local-entry.spec.mjs:78:1 › T01: demo explanation responds to keyboard and touch without claiming real capabilities (243ms)
  ✓  18 [phone] › e2e/t01-local-entry.spec.mjs:97:1 › T01 / F15.1: opening the prototype requires no reward, social or account gate (223ms)
  ✓  19 [phone] › e2e/t02-language-login.spec.mjs:67:1 › T02 / F1.1: language choice comes before either login option (257ms)
  ✓  20 [phone] › e2e/t02-language-login.spec.mjs:76:3 › T02 / F1.1,F4.5,F13.3: zh-Hans persists through both unconnected login attempts and help (490ms)
  ✓  21 [phone] › e2e/t02-language-login.spec.mjs:76:3 › T02 / F1.1,F4.5,F13.3: id persists through both unconnected login attempts and help (577ms)
  ✓  22 [phone] › e2e/t02-language-login.spec.mjs:76:3 › T02 / F1.1,F4.5,F13.3: ja persists through both unconnected login attempts and help (498ms)
  ✓  23 [phone] › e2e/t02-language-login.spec.mjs:76:3 › T02 / F1.1,F4.5,F13.3: en persists through both unconnected login attempts and help (464ms)
  ✓  24 [phone] › e2e/t02-language-login.spec.mjs:116:1 › T02 / F13.3: changing the selected language replaces and persists the preference (378ms)
  ✓  25 [phone] › e2e/t02-language-login.spec.mjs:127:1 › T02 / F13.1,F13.2: larger text and reduced motion persist without clipping mobile controls (464ms)
  ✓  26 [phone] › e2e/t02-language-login.spec.mjs:160:3 › T02: blocked storage getItem keeps selection usable and explains the limitation (230ms)
  ✓  27 [phone] › e2e/t02-language-login.spec.mjs:160:3 › T02: blocked storage setItem keeps selection usable and explains the limitation (231ms)
  ✓  28 [phone] › e2e/t02-language-login.spec.mjs:173:1 › T01 regression: actual Tab, Space, Enter and tap operate the demo explanation (298ms)
(node:49898) Warning: The 'NO_COLOR' env is ignored due to the 'FORCE_COLOR' env being set.
(Use `node --trace-warnings ...` to show where the warning was created)
  ✓  29 [desktop] › e2e/t01-local-entry.spec.mjs:48:1 › T01: a meaningful local entry identifies the product and discloses the demo (288ms)
  ✓  30 [desktop] › e2e/t01-local-entry.spec.mjs:59:1 › T01 / F13.1: content fits the viewport and controls have usable touch targets (236ms)
  ✓  31 [desktop] › e2e/t01-local-entry.spec.mjs:78:1 › T01: demo explanation responds to keyboard and touch without claiming real capabilities (236ms)
  ✓  32 [desktop] › e2e/t01-local-entry.spec.mjs:97:1 › T01 / F15.1: opening the prototype requires no reward, social or account gate (218ms)
  ✓  33 [desktop] › e2e/t02-language-login.spec.mjs:67:1 › T02 / F1.1: language choice comes before either login option (260ms)
  ✓  34 [desktop] › e2e/t02-language-login.spec.mjs:76:3 › T02 / F1.1,F4.5,F13.3: zh-Hans persists through both unconnected login attempts and help (485ms)
  ✓  35 [desktop] › e2e/t02-language-login.spec.mjs:76:3 › T02 / F1.1,F4.5,F13.3: id persists through both unconnected login attempts and help (539ms)
  ✓  36 [desktop] › e2e/t02-language-login.spec.mjs:76:3 › T02 / F1.1,F4.5,F13.3: ja persists through both unconnected login attempts and help (486ms)
  ✓  37 [desktop] › e2e/t02-language-login.spec.mjs:76:3 › T02 / F1.1,F4.5,F13.3: en persists through both unconnected login attempts and help (486ms)
  ✓  38 [desktop] › e2e/t02-language-login.spec.mjs:116:1 › T02 / F13.3: changing the selected language replaces and persists the preference (407ms)
  ✓  39 [desktop] › e2e/t02-language-login.spec.mjs:127:1 › T02 / F13.1,F13.2: larger text and reduced motion persist without clipping mobile controls (511ms)
  ✓  40 [desktop] › e2e/t02-language-login.spec.mjs:160:3 › T02: blocked storage getItem keeps selection usable and explains the limitation (238ms)
  ✓  41 [desktop] › e2e/t02-language-login.spec.mjs:160:3 › T02: blocked storage setItem keeps selection usable and explains the limitation (236ms)
  ✓  42 [desktop] › e2e/t02-language-login.spec.mjs:173:1 › T01 regression: actual Tab, Space, Enter and tap operate the demo explanation (304ms)

  42 passed (16.8s)
